ok  	github.com/skosovsky/toolsy	4.846s
ok  	github.com/skosovsky/toolsy/adapters/execution/filejournal	3.601s
ok  	github.com/skosovsky/toolsy/cmd/toolsy-gen	1.303s
?   	github.com/skosovsky/toolsy/cmd/toolsy-release	[no test files]
ok  	github.com/skosovsky/toolsy/examples/approval_journal	1.562s
?   	github.com/skosovsky/toolsy/examples/calculator	[no test files]
?   	github.com/skosovsky/toolsy/examples/contract_recovery	[no test files]
ok  	github.com/skosovsky/toolsy/examples/full_agent	1.234s
ok  	github.com/skosovsky/toolsy/examples/generated_presence	1.645s
?   	github.com/skosovsky/toolsy/examples/generated_stream	[no test files]
?   	github.com/skosovsky/toolsy/examples/host_event	[no test files]
ok  	github.com/skosovsky/toolsy/examples/nested_contract	1.325s
?   	github.com/skosovsky/toolsy/examples/run_call	[no test files]
?   	github.com/skosovsky/toolsy/examples/session_snapshot	[no test files]
?   	github.com/skosovsky/toolsy/examples/stream_terminal	[no test files]
?   	github.com/skosovsky/toolsy/examples/streaming	[no test files]
ok  	github.com/skosovsky/toolsy/exectool	1.456s
ok  	github.com/skosovsky/toolsy/historycodec	1.311s
ok  	github.com/skosovsky/toolsy/internal/format	1.227s
ok  	github.com/skosovsky/toolsy/internal/jsonschemax	1.232s
ok  	github.com/skosovsky/toolsy/internal/release	52.651s
ok  	github.com/skosovsky/toolsy/internal/sandboxfs	1.657s
?   	github.com/skosovsky/toolsy/internal/sqlutil	[no test files]
?   	github.com/skosovsky/toolsy/internal/testhttp	[no test files]
ok  	github.com/skosovsky/toolsy/internal/toolsygen	49.299s
ok  	github.com/skosovsky/toolsy/testutil	1.370s
ok  	github.com/skosovsky/toolsy/textprocessor	1.504s
