ok  	github.com/skosovsky/toolsy	8.096s
ok  	github.com/skosovsky/toolsy/adapters/execution/filejournal	3.354s
ok  	github.com/skosovsky/toolsy/cmd/toolsy-gen	1.395s
?   	github.com/skosovsky/toolsy/cmd/toolsy-release	[no test files]
ok  	github.com/skosovsky/toolsy/examples/approval_journal	1.646s
?   	github.com/skosovsky/toolsy/examples/calculator	[no test files]
?   	github.com/skosovsky/toolsy/examples/contract_recovery	[no test files]
ok  	github.com/skosovsky/toolsy/examples/full_agent	1.409s
?   	github.com/skosovsky/toolsy/examples/generated_stream	[no test files]
?   	github.com/skosovsky/toolsy/examples/run_call	[no test files]
?   	github.com/skosovsky/toolsy/examples/semantic_truncation	[no test files]
?   	github.com/skosovsky/toolsy/examples/session_snapshot	[no test files]
?   	github.com/skosovsky/toolsy/examples/stream_terminal	[no test files]
?   	github.com/skosovsky/toolsy/examples/streaming	[no test files]
ok  	github.com/skosovsky/toolsy/exectool	1.607s
ok  	github.com/skosovsky/toolsy/history	1.226s
ok  	github.com/skosovsky/toolsy/historycodec	1.310s
ok  	github.com/skosovsky/toolsy/internal/format	1.267s
ok  	github.com/skosovsky/toolsy/internal/jsonschemax	1.992s
ok  	github.com/skosovsky/toolsy/internal/release	53.970s
ok  	github.com/skosovsky/toolsy/internal/sandboxfs	1.722s
?   	github.com/skosovsky/toolsy/internal/sqlutil	[no test files]
?   	github.com/skosovsky/toolsy/internal/testhttp	[no test files]
ok  	github.com/skosovsky/toolsy/internal/toolsygen	51.249s
ok  	github.com/skosovsky/toolsy/testutil	1.503s
ok  	github.com/skosovsky/toolsy/textprocessor	1.775s
