ok  	github.com/skosovsky/toolsy	7.456s
ok  	github.com/skosovsky/toolsy/adapters/execution/filejournal	3.749s
ok  	github.com/skosovsky/toolsy/cmd/toolsy-gen	1.603s
?   	github.com/skosovsky/toolsy/cmd/toolsy-release	[no test files]
ok  	github.com/skosovsky/toolsy/examples/approval_journal	2.025s
?   	github.com/skosovsky/toolsy/examples/calculator	[no test files]
?   	github.com/skosovsky/toolsy/examples/contract_recovery	[no test files]
ok  	github.com/skosovsky/toolsy/examples/full_agent	1.639s
?   	github.com/skosovsky/toolsy/examples/generated_stream	[no test files]
?   	github.com/skosovsky/toolsy/examples/run_call	[no test files]
?   	github.com/skosovsky/toolsy/examples/semantic_truncation	[no test files]
?   	github.com/skosovsky/toolsy/examples/session_snapshot	[no test files]
?   	github.com/skosovsky/toolsy/examples/stream_terminal	[no test files]
?   	github.com/skosovsky/toolsy/examples/streaming	[no test files]
ok  	github.com/skosovsky/toolsy/exectool	1.810s
ok  	github.com/skosovsky/toolsy/history	1.616s
ok  	github.com/skosovsky/toolsy/historycodec	1.578s
ok  	github.com/skosovsky/toolsy/internal/format	1.571s
ok  	github.com/skosovsky/toolsy/internal/jsonschemax	1.940s
ok  	github.com/skosovsky/toolsy/internal/release	54.623s
ok  	github.com/skosovsky/toolsy/internal/sandboxfs	1.532s
?   	github.com/skosovsky/toolsy/internal/sqlutil	[no test files]
?   	github.com/skosovsky/toolsy/internal/testhttp	[no test files]
ok  	github.com/skosovsky/toolsy/internal/toolsygen	52.479s
ok  	github.com/skosovsky/toolsy/testutil	1.709s
ok  	github.com/skosovsky/toolsy/textprocessor	2.194s
