internal/goarch
unsafe
internal/abi
internal/unsafeheader
internal/cpu
internal/bytealg
internal/byteorder
internal/chacha8rand
internal/coverage/rtcov
internal/godebugs
internal/goexperiment
internal/goos
internal/profilerecord
internal/runtime/atomic
internal/runtime/exithook
internal/runtime/gc
internal/runtime/sys
internal/runtime/gc/scan
internal/asan
internal/msan
internal/race
internal/runtime/math
math/bits
internal/runtime/maps
internal/runtime/pprof/label
internal/strconv
internal/stringslite
internal/trace/tracev2
runtime
internal/reflectlite
errors
sync/atomic
internal/sync
internal/synctest
sync
io
iter
unicode
unicode/utf8
bytes
internal/oserror
syscall
time
context
hash
strconv
crypto
internal/bisect
internal/godebug
crypto/internal/fips140deps/godebug
strings
crypto/internal/fips140
crypto/internal/fips140/alias
crypto/internal/fips140deps/byteorder
crypto/internal/fips140deps/cpu
crypto/internal/impl
crypto/internal/fips140/sha256
crypto/internal/constanttime
crypto/internal/fips140/subtle
crypto/internal/fips140/sha3
crypto/internal/fips140/sha512
crypto/internal/fips140/hmac
crypto/internal/fips140/check
crypto/internal/fips140/aes
crypto/internal/fips140deps/time
crypto/internal/entropy/v1.0.0
internal/syscall/unix
path
cmp
slices
io/fs
internal/filepathlite
internal/poll
internal/syscall/execenv
internal/testlog
os
crypto/internal/sysrand
crypto/internal/fips140/drbg
math
crypto/internal/fips140/aes/gcm
crypto/fips140
crypto/internal/fips140only
crypto/subtle
crypto/cipher
crypto/internal/boring/sig
crypto/internal/boring
math/rand/v2
crypto/internal/randutil
crypto/internal/rand
reflect
internal/fmtsort
fmt
math/rand
math/big
crypto/rand
crypto/sha256
encoding/hex
encoding
encoding/json/internal
encoding/json/internal/jsonflags
encoding/json/internal/jsonopts
unicode/utf16
encoding/json/internal/jsonwire
encoding/json/jsontext
encoding/base32
encoding/base64
encoding/binary
encoding/json/v2
encoding/json
hash/maphash
log/internal
log
log/slog/internal
log/slog/internal/buffer
log/slog
maps
weak
unique
net/netip
net/url
sort
regexp/syntax
regexp
github.com/google/jsonschema-go/jsonschema
embed
golang.org/x/text/internal/tag
golang.org/x/text/internal/language
golang.org/x/text/internal/language/compact
golang.org/x/text/language
golang.org/x/text/internal/catmsg
golang.org/x/text/internal/stringset
golang.org/x/text/internal/number
golang.org/x/text/internal
golang.org/x/text/message/catalog
golang.org/x/text/feature/plural
golang.org/x/text/internal/format
golang.org/x/text/message
github.com/santhosh-tekuri/jsonschema/v6/kind
path/filepath
github.com/santhosh-tekuri/jsonschema/v6
github.com/skosovsky/toolsy/internal/jsonschemax
github.com/skosovsky/toolsy/textprocessor
bufio
mime
github.com/skosovsky/toolsy
