ok  	github.com/skosovsky/toolsy	4.893s
ok  	github.com/skosovsky/toolsy/adapters/execution/filejournal	3.501s
ok  	github.com/skosovsky/toolsy/cmd/toolsy-gen	1.307s
?   	github.com/skosovsky/toolsy/cmd/toolsy-release	[no test files]
ok  	github.com/skosovsky/toolsy/examples/approval_journal	1.625s
?   	github.com/skosovsky/toolsy/examples/calculator	[no test files]
?   	github.com/skosovsky/toolsy/examples/contract_recovery	[no test files]
ok  	github.com/skosovsky/toolsy/examples/full_agent	1.304s
ok  	github.com/skosovsky/toolsy/examples/generated_presence	1.869s
?   	github.com/skosovsky/toolsy/examples/generated_stream	[no test files]
?   	github.com/skosovsky/toolsy/examples/host_event	[no test files]
ok  	github.com/skosovsky/toolsy/examples/nested_contract	1.290s
?   	github.com/skosovsky/toolsy/examples/run_call	[no test files]
?   	github.com/skosovsky/toolsy/examples/session_snapshot	[no test files]
?   	github.com/skosovsky/toolsy/examples/stream_terminal	[no test files]
?   	github.com/skosovsky/toolsy/examples/streaming	[no test files]
ok  	github.com/skosovsky/toolsy/exectool	1.442s
ok  	github.com/skosovsky/toolsy/historycodec	1.237s
ok  	github.com/skosovsky/toolsy/internal/format	1.238s
ok  	github.com/skosovsky/toolsy/internal/jsonschemax	1.230s
ok  	github.com/skosovsky/toolsy/internal/release	58.459s
ok  	github.com/skosovsky/toolsy/internal/sandboxfs	1.377s
?   	github.com/skosovsky/toolsy/internal/sqlutil	[no test files]
?   	github.com/skosovsky/toolsy/internal/testhttp	[no test files]
ok  	github.com/skosovsky/toolsy/internal/toolsygen	60.564s
ok  	github.com/skosovsky/toolsy/testutil	1.319s
ok  	github.com/skosovsky/toolsy/textprocessor	1.405s
