ok  	github.com/skosovsky/toolsy	3.415s
ok  	github.com/skosovsky/toolsy/adapters/execution/filejournal	3.231s
ok  	github.com/skosovsky/toolsy/cmd/toolsy-gen	1.560s
?   	github.com/skosovsky/toolsy/cmd/toolsy-release	[no test files]
ok  	github.com/skosovsky/toolsy/examples/approval_journal	1.760s
?   	github.com/skosovsky/toolsy/examples/calculator	[no test files]
?   	github.com/skosovsky/toolsy/examples/contract_recovery	[no test files]
ok  	github.com/skosovsky/toolsy/examples/full_agent	1.526s
?   	github.com/skosovsky/toolsy/examples/generated_stream	[no test files]
?   	github.com/skosovsky/toolsy/examples/host_event	[no test files]
?   	github.com/skosovsky/toolsy/examples/run_call	[no test files]
?   	github.com/skosovsky/toolsy/examples/session_snapshot	[no test files]
?   	github.com/skosovsky/toolsy/examples/stream_terminal	[no test files]
?   	github.com/skosovsky/toolsy/examples/streaming	[no test files]
ok  	github.com/skosovsky/toolsy/exectool	1.704s
ok  	github.com/skosovsky/toolsy/historycodec	1.526s
ok  	github.com/skosovsky/toolsy/internal/format	1.517s
ok  	github.com/skosovsky/toolsy/internal/jsonschemax	1.468s
ok  	github.com/skosovsky/toolsy/internal/release	40.142s
ok  	github.com/skosovsky/toolsy/internal/sandboxfs	1.621s
?   	github.com/skosovsky/toolsy/internal/sqlutil	[no test files]
?   	github.com/skosovsky/toolsy/internal/testhttp	[no test files]
ok  	github.com/skosovsky/toolsy/internal/toolsygen	31.347s
ok  	github.com/skosovsky/toolsy/testutil	1.522s
ok  	github.com/skosovsky/toolsy/textprocessor	1.601s
