ok  	github.com/skosovsky/toolsy	3.208s
ok  	github.com/skosovsky/toolsy/adapters/execution/filejournal	3.290s
ok  	github.com/skosovsky/toolsy/cmd/toolsy-gen	1.557s
?   	github.com/skosovsky/toolsy/cmd/toolsy-release	[no test files]
ok  	github.com/skosovsky/toolsy/examples/approval_journal	1.741s
?   	github.com/skosovsky/toolsy/examples/calculator	[no test files]
?   	github.com/skosovsky/toolsy/examples/contract_recovery	[no test files]
ok  	github.com/skosovsky/toolsy/examples/full_agent	1.505s
?   	github.com/skosovsky/toolsy/examples/generated_stream	[no test files]
?   	github.com/skosovsky/toolsy/examples/host_event	[no test files]
?   	github.com/skosovsky/toolsy/examples/run_call	[no test files]
?   	github.com/skosovsky/toolsy/examples/session_snapshot	[no test files]
?   	github.com/skosovsky/toolsy/examples/stream_terminal	[no test files]
?   	github.com/skosovsky/toolsy/examples/streaming	[no test files]
ok  	github.com/skosovsky/toolsy/exectool	1.719s
ok  	github.com/skosovsky/toolsy/historycodec	1.499s
ok  	github.com/skosovsky/toolsy/internal/format	1.461s
ok  	github.com/skosovsky/toolsy/internal/jsonschemax	1.436s
ok  	github.com/skosovsky/toolsy/internal/release	37.360s
ok  	github.com/skosovsky/toolsy/internal/sandboxfs	1.399s
?   	github.com/skosovsky/toolsy/internal/sqlutil	[no test files]
?   	github.com/skosovsky/toolsy/internal/testhttp	[no test files]
ok  	github.com/skosovsky/toolsy/internal/toolsygen	26.795s
ok  	github.com/skosovsky/toolsy/testutil	1.332s
ok  	github.com/skosovsky/toolsy/textprocessor	1.391s
