ok  	github.com/skosovsky/toolsy	5.806s
ok  	github.com/skosovsky/toolsy/adapters/execution/filejournal	4.095s
ok  	github.com/skosovsky/toolsy/cmd/toolsy-gen	1.668s
?   	github.com/skosovsky/toolsy/cmd/toolsy-release	[no test files]
ok  	github.com/skosovsky/toolsy/examples/approval_journal	2.187s
?   	github.com/skosovsky/toolsy/examples/calculator	[no test files]
?   	github.com/skosovsky/toolsy/examples/contract_recovery	[no test files]
ok  	github.com/skosovsky/toolsy/examples/full_agent	1.898s
?   	github.com/skosovsky/toolsy/examples/generated_stream	[no test files]
?   	github.com/skosovsky/toolsy/examples/host_event	[no test files]
?   	github.com/skosovsky/toolsy/examples/run_call	[no test files]
?   	github.com/skosovsky/toolsy/examples/session_snapshot	[no test files]
?   	github.com/skosovsky/toolsy/examples/stream_terminal	[no test files]
?   	github.com/skosovsky/toolsy/examples/streaming	[no test files]
ok  	github.com/skosovsky/toolsy/exectool	2.126s
ok  	github.com/skosovsky/toolsy/historycodec	(cached)
ok  	github.com/skosovsky/toolsy/internal/format	(cached)
ok  	github.com/skosovsky/toolsy/internal/jsonschemax	(cached)
ok  	github.com/skosovsky/toolsy/internal/release	(cached)
ok  	github.com/skosovsky/toolsy/internal/sandboxfs	(cached)
?   	github.com/skosovsky/toolsy/internal/sqlutil	[no test files]
?   	github.com/skosovsky/toolsy/internal/testhttp	[no test files]
ok  	github.com/skosovsky/toolsy/internal/toolsygen	51.316s
ok  	github.com/skosovsky/toolsy/testutil	2.285s
ok  	github.com/skosovsky/toolsy/textprocessor	(cached)
