=== RUN   TestR10PolicyCaptureBehaviorProbe
=== RUN   TestR10PolicyCaptureBehaviorProbe/option-capture
    policy_capture_probe_test.go:20: write=<nil> read=VALIDATION_FAILED: tool read is not allowed by session run policy
    policy_capture_probe_test.go:21: 
        	Error Trace:	/private/tmp/toolsy-task41/r10-baseline/policy_capture_probe_test.go:21
        	Error:      	An error is expected but got nil.
        	Test:       	TestR10PolicyCaptureBehaviorProbe/option-capture
        	Messages:   	caller mutation must not authorize write
=== RUN   TestR10PolicyCaptureBehaviorProbe/session-construction
    policy_capture_probe_test.go:20: write=<nil> read=VALIDATION_FAILED: tool read is not allowed by session run policy
    policy_capture_probe_test.go:21: 
        	Error Trace:	/private/tmp/toolsy-task41/r10-baseline/policy_capture_probe_test.go:21
        	Error:      	An error is expected but got nil.
        	Test:       	TestR10PolicyCaptureBehaviorProbe/session-construction
        	Messages:   	caller mutation must not authorize write
--- FAIL: TestR10PolicyCaptureBehaviorProbe (0.00s)
    --- FAIL: TestR10PolicyCaptureBehaviorProbe/option-capture (0.00s)
    --- FAIL: TestR10PolicyCaptureBehaviorProbe/session-construction (0.00s)
FAIL
FAIL	github.com/skosovsky/toolsy	0.636s
FAIL
