ok  	github.com/skosovsky/toolsy	3.153s
ok  	github.com/skosovsky/toolsy/adapters/execution/filejournal	4.358s
ok  	github.com/skosovsky/toolsy/cmd/toolsy-gen	1.680s
?   	github.com/skosovsky/toolsy/cmd/toolsy-release	[no test files]
ok  	github.com/skosovsky/toolsy/examples/approval_journal	2.006s
?   	github.com/skosovsky/toolsy/examples/calculator	[no test files]
?   	github.com/skosovsky/toolsy/examples/contract_recovery	[no test files]
ok  	github.com/skosovsky/toolsy/examples/full_agent	1.997s
?   	github.com/skosovsky/toolsy/examples/run_call	[no test files]
?   	github.com/skosovsky/toolsy/examples/semantic_truncation	[no test files]
?   	github.com/skosovsky/toolsy/examples/session_snapshot	[no test files]
?   	github.com/skosovsky/toolsy/examples/stream_terminal	[no test files]
?   	github.com/skosovsky/toolsy/examples/streaming	[no test files]
ok  	github.com/skosovsky/toolsy/exectool	1.842s
ok  	github.com/skosovsky/toolsy/history	1.463s
ok  	github.com/skosovsky/toolsy/historycodec	1.508s
ok  	github.com/skosovsky/toolsy/internal/format	1.487s
ok  	github.com/skosovsky/toolsy/internal/jsonschemax	1.462s
ok  	github.com/skosovsky/toolsy/internal/release	140.751s
ok  	github.com/skosovsky/toolsy/internal/sandboxfs	5.347s
?   	github.com/skosovsky/toolsy/internal/sqlutil	[no test files]
ok  	github.com/skosovsky/toolsy/internal/toolsygen	68.460s
ok  	github.com/skosovsky/toolsy/testutil	1.484s
ok  	github.com/skosovsky/toolsy/textprocessor	1.557s
