--- FAIL: TestD32ConstructorOptions (0.00s)
    constructor_contract_test.go:16: 
        	Error Trace:	/Users/skosovsky/Library/Mobile Documents/com~apple~CloudDocs/Загрузки/Projects/ai/toolsy/toolkits/httptool/constructor_contract_test.go:16
        	Error:      	func (assert.PanicTestFunc)(0x104974bb0) should not panic
        	            		Panic value:	runtime error: invalid memory address or nil pointer dereference
        	            		Panic stack:	goroutine 35 [running]:
        	            	runtime/debug.Stack()
        	            		/opt/homebrew/Cellar/go/1.27.1/libexec/src/runtime/debug/stack.go:26 +0x64
        	            	github.com/stretchr/testify/assert.didPanic.func1()
        	            		/Users/skosovsky/go/pkg/mod/github.com/stretchr/testify@v1.12.1/assert/assertions.go:1287 +0x64
        	            	panic({0x104ded470?, 0x104ea8a00?})
        	            		/opt/homebrew/Cellar/go/1.27.1/libexec/src/runtime/panic.go:859 +0x120
        	            	github.com/skosovsky/toolsy/toolkits/httptool.AsToolsWithCleanup({0x24667761adb0, 0x1, 0x106f6b2f8?})
        	            		/Users/skosovsky/Library/Mobile Documents/com~apple~CloudDocs/Загрузки/Projects/ai/toolsy/toolkits/httptool/httptool.go:44 +0x64
        	            	github.com/skosovsky/toolsy/toolkits/httptool.TestD32ConstructorOptions.func1({0x2466776955b0?, 0x1046733f0?, 0x104703df8?})
        	            		/Users/skosovsky/Library/Mobile Documents/com~apple~CloudDocs/Загрузки/Projects/ai/toolsy/toolkits/httptool/constructor_contract_test.go:10 +0x28
        	            	github.com/skosovsky/toolsy/toolkits/httptool.TestD32ConstructorOptions.func5()
        	            		/Users/skosovsky/Library/Mobile Documents/com~apple~CloudDocs/Загрузки/Projects/ai/toolsy/toolkits/httptool/constructor_contract_test.go:16 +0x38
        	            	github.com/stretchr/testify/assert.didPanic(0x104ead6a0?)
        	            		/Users/skosovsky/go/pkg/mod/github.com/stretchr/testify@v1.12.1/assert/assertions.go:1292 +0x68
        	            	github.com/stretchr/testify/assert.NotPanics({0x104e49fd0, 0x24667789d8c8}, 0x2466776832f0, {0x0, 0x0, 0x0})
        	            		/Users/skosovsky/go/pkg/mod/github.com/stretchr/testify@v1.12.1/assert/assertions.go:1369 +0x70
        	            	github.com/stretchr/testify/require.NotPanics({0x104e4be20, 0x24667789d8c8}, 0x2466776832f0, {0x0, 0x0, 0x0})
        	            		/Users/skosovsky/go/pkg/mod/github.com/stretchr/testify@v1.12.1/require/require.go:1683 +0xa4
        	            	github.com/skosovsky/toolsy/toolkits/httptool.TestD32ConstructorOptions(0x24667789d8c8)
        	            		/Users/skosovsky/Library/Mobile Documents/com~apple~CloudDocs/Загрузки/Projects/ai/toolsy/toolkits/httptool/constructor_contract_test.go:16 +0xec
        	            	testing.tRunner(0x24667789d8c8, 0x104e4f5f0)
        	            		/opt/homebrew/Cellar/go/1.27.1/libexec/src/testing/testing.go:2193 +0xc4
        	            	created by testing.(*T).Run in goroutine 1
        	            		/opt/homebrew/Cellar/go/1.27.1/libexec/src/testing/testing.go:2258 +0x3b8
        	Test:       	TestD32ConstructorOptions
FAIL
exit status 1
FAIL	github.com/skosovsky/toolsy/toolkits/httptool	0.444s
