toolkits/rag/constructor_contract_test.go:19:3: unlambda: replace `func(n int) Option { return WithMaxBytes(n) }` with `WithMaxBytes` (gocritic)
		func(n int) Option { return WithMaxBytes(n) },
		^
toolkits/rag/constructor_contract_test.go:20:3: unlambda: replace `func(n int) Option { return WithMaxResults(n) }` with `WithMaxResults` (gocritic)
		func(n int) Option { return WithMaxResults(n) },
		^
toolkits/rag/constructor_contract_test.go:21:3: unlambda: replace `func(n int) Option { return WithMaxItemBytes(n) }` with `WithMaxItemBytes` (gocritic)
		func(n int) Option { return WithMaxItemBytes(n) },
		^
toolkits/rag/constructor_contract_test.go:22:3: unlambda: replace `func(n int) Option { return WithMaxSourceBytes(n) }` with `WithMaxSourceBytes` (gocritic)
		func(n int) Option { return WithMaxSourceBytes(n) },
		^
toolkits/rag/rag.go:34:16: error-format: fmt.Errorf can be replaced with errors.New (perfsprint)
			return nil, fmt.Errorf("toolkit/rag: nil option")
			            ^
toolkits/rag/rag.go:39:15: error-format: fmt.Errorf can be replaced with errors.New (perfsprint)
		return nil, fmt.Errorf("toolkit/rag: limits must not be negative")
		            ^
6 issues:
* gocritic: 4
* perfsprint: 2
