=== RUN   TestCalendarDaysAndElapsedHoursAcrossDST
=== RUN   TestCalendarDaysAndElapsedHoursAcrossDST/spring_day
=== RUN   TestCalendarDaysAndElapsedHoursAcrossDST/spring_duration
=== RUN   TestCalendarDaysAndElapsedHoursAcrossDST/fall_day
=== RUN   TestCalendarDaysAndElapsedHoursAcrossDST/fall_duration
=== RUN   TestCalendarDaysAndElapsedHoursAcrossDST/spring_reverse_day
=== RUN   TestCalendarDaysAndElapsedHoursAcrossDST/spring_reverse_duration
=== RUN   TestCalendarDaysAndElapsedHoursAcrossDST/fall_reverse_day
=== RUN   TestCalendarDaysAndElapsedHoursAcrossDST/fall_reverse_duration
=== RUN   TestCalendarDaysAndElapsedHoursAcrossDST/days_before_hours
=== RUN   TestCalendarDaysAndElapsedHoursAcrossDST/base_offset_instant
--- PASS: TestCalendarDaysAndElapsedHoursAcrossDST (0.02s)
    --- PASS: TestCalendarDaysAndElapsedHoursAcrossDST/spring_day (0.00s)
    --- PASS: TestCalendarDaysAndElapsedHoursAcrossDST/spring_duration (0.00s)
    --- PASS: TestCalendarDaysAndElapsedHoursAcrossDST/fall_day (0.00s)
    --- PASS: TestCalendarDaysAndElapsedHoursAcrossDST/fall_duration (0.00s)
    --- PASS: TestCalendarDaysAndElapsedHoursAcrossDST/spring_reverse_day (0.00s)
    --- PASS: TestCalendarDaysAndElapsedHoursAcrossDST/spring_reverse_duration (0.00s)
    --- PASS: TestCalendarDaysAndElapsedHoursAcrossDST/fall_reverse_day (0.00s)
    --- PASS: TestCalendarDaysAndElapsedHoursAcrossDST/fall_reverse_duration (0.00s)
    --- PASS: TestCalendarDaysAndElapsedHoursAcrossDST/days_before_hours (0.00s)
    --- PASS: TestCalendarDaysAndElapsedHoursAcrossDST/base_offset_instant (0.00s)
=== RUN   TestLocationProviderResolvesBothToolsOnEveryCall
--- PASS: TestLocationProviderResolvesBothToolsOnEveryCall (0.00s)
=== RUN   TestLocationProviderFailureHasNoStaticFallback
--- PASS: TestLocationProviderFailureHasNoStaticFallback (0.00s)
=== RUN   TestCalendarDaysAndElapsedHoursAcrossDST
=== RUN   TestCalendarDaysAndElapsedHoursAcrossDST/spring_day
=== RUN   TestCalendarDaysAndElapsedHoursAcrossDST/spring_duration
=== RUN   TestCalendarDaysAndElapsedHoursAcrossDST/fall_day
=== RUN   TestCalendarDaysAndElapsedHoursAcrossDST/fall_duration
=== RUN   TestCalendarDaysAndElapsedHoursAcrossDST/spring_reverse_day
=== RUN   TestCalendarDaysAndElapsedHoursAcrossDST/spring_reverse_duration
=== RUN   TestCalendarDaysAndElapsedHoursAcrossDST/fall_reverse_day
=== RUN   TestCalendarDaysAndElapsedHoursAcrossDST/fall_reverse_duration
=== RUN   TestCalendarDaysAndElapsedHoursAcrossDST/days_before_hours
=== RUN   TestCalendarDaysAndElapsedHoursAcrossDST/base_offset_instant
--- PASS: TestCalendarDaysAndElapsedHoursAcrossDST (0.02s)
    --- PASS: TestCalendarDaysAndElapsedHoursAcrossDST/spring_day (0.00s)
    --- PASS: TestCalendarDaysAndElapsedHoursAcrossDST/spring_duration (0.00s)
    --- PASS: TestCalendarDaysAndElapsedHoursAcrossDST/fall_day (0.00s)
    --- PASS: TestCalendarDaysAndElapsedHoursAcrossDST/fall_duration (0.00s)
    --- PASS: TestCalendarDaysAndElapsedHoursAcrossDST/spring_reverse_day (0.00s)
    --- PASS: TestCalendarDaysAndElapsedHoursAcrossDST/spring_reverse_duration (0.00s)
    --- PASS: TestCalendarDaysAndElapsedHoursAcrossDST/fall_reverse_day (0.00s)
    --- PASS: TestCalendarDaysAndElapsedHoursAcrossDST/fall_reverse_duration (0.00s)
    --- PASS: TestCalendarDaysAndElapsedHoursAcrossDST/days_before_hours (0.00s)
    --- PASS: TestCalendarDaysAndElapsedHoursAcrossDST/base_offset_instant (0.00s)
=== RUN   TestLocationProviderResolvesBothToolsOnEveryCall
--- PASS: TestLocationProviderResolvesBothToolsOnEveryCall (0.00s)
=== RUN   TestLocationProviderFailureHasNoStaticFallback
--- PASS: TestLocationProviderFailureHasNoStaticFallback (0.00s)
=== RUN   TestCalendarDaysAndElapsedHoursAcrossDST
=== RUN   TestCalendarDaysAndElapsedHoursAcrossDST/spring_day
=== RUN   TestCalendarDaysAndElapsedHoursAcrossDST/spring_duration
=== RUN   TestCalendarDaysAndElapsedHoursAcrossDST/fall_day
=== RUN   TestCalendarDaysAndElapsedHoursAcrossDST/fall_duration
=== RUN   TestCalendarDaysAndElapsedHoursAcrossDST/spring_reverse_day
=== RUN   TestCalendarDaysAndElapsedHoursAcrossDST/spring_reverse_duration
=== RUN   TestCalendarDaysAndElapsedHoursAcrossDST/fall_reverse_day
=== RUN   TestCalendarDaysAndElapsedHoursAcrossDST/fall_reverse_duration
=== RUN   TestCalendarDaysAndElapsedHoursAcrossDST/days_before_hours
=== RUN   TestCalendarDaysAndElapsedHoursAcrossDST/base_offset_instant
--- PASS: TestCalendarDaysAndElapsedHoursAcrossDST (0.02s)
    --- PASS: TestCalendarDaysAndElapsedHoursAcrossDST/spring_day (0.00s)
    --- PASS: TestCalendarDaysAndElapsedHoursAcrossDST/spring_duration (0.00s)
    --- PASS: TestCalendarDaysAndElapsedHoursAcrossDST/fall_day (0.00s)
    --- PASS: TestCalendarDaysAndElapsedHoursAcrossDST/fall_duration (0.00s)
    --- PASS: TestCalendarDaysAndElapsedHoursAcrossDST/spring_reverse_day (0.00s)
    --- PASS: TestCalendarDaysAndElapsedHoursAcrossDST/spring_reverse_duration (0.00s)
    --- PASS: TestCalendarDaysAndElapsedHoursAcrossDST/fall_reverse_day (0.00s)
    --- PASS: TestCalendarDaysAndElapsedHoursAcrossDST/fall_reverse_duration (0.00s)
    --- PASS: TestCalendarDaysAndElapsedHoursAcrossDST/days_before_hours (0.00s)
    --- PASS: TestCalendarDaysAndElapsedHoursAcrossDST/base_offset_instant (0.00s)
=== RUN   TestLocationProviderResolvesBothToolsOnEveryCall
--- PASS: TestLocationProviderResolvesBothToolsOnEveryCall (0.00s)
=== RUN   TestLocationProviderFailureHasNoStaticFallback
--- PASS: TestLocationProviderFailureHasNoStaticFallback (0.00s)
PASS
ok  	github.com/skosovsky/toolsy/toolkits/timetool	1.312s
