=== RUN   TestIndependentExactCalendarContracts
--- PASS: TestIndependentExactCalendarContracts (0.01s)
=== RUN   TestIndependentLocationPolicy
--- PASS: TestIndependentLocationPolicy (0.01s)
=== RUN   TestIndependentStateBoundary
--- PASS: TestIndependentStateBoundary (0.00s)
=== RUN   TestIndependentExactCalendarContracts
--- PASS: TestIndependentExactCalendarContracts (0.01s)
=== RUN   TestIndependentLocationPolicy
--- PASS: TestIndependentLocationPolicy (0.01s)
=== RUN   TestIndependentStateBoundary
--- PASS: TestIndependentStateBoundary (0.00s)
=== RUN   TestIndependentExactCalendarContracts
--- PASS: TestIndependentExactCalendarContracts (0.01s)
=== RUN   TestIndependentLocationPolicy
--- PASS: TestIndependentLocationPolicy (0.01s)
=== RUN   TestIndependentStateBoundary
--- PASS: TestIndependentStateBoundary (0.00s)
PASS
ok  	acceptanceb	1.505s
