go: downloading github.com/google/jsonschema-go v0.4.3
go: downloading github.com/santhosh-tekuri/jsonschema/v6 v6.0.3
go: downloading golang.org/x/text v0.42.0
=== RUN   TestIndependentExactCalendarContracts
--- PASS: TestIndependentExactCalendarContracts (0.01s)
=== RUN   TestIndependentLocationPolicy
--- PASS: TestIndependentLocationPolicy (0.01s)
=== RUN   TestIndependentStateBoundary
--- PASS: TestIndependentStateBoundary (0.00s)
=== RUN   TestIndependentExactCalendarContracts
--- PASS: TestIndependentExactCalendarContracts (0.01s)
=== RUN   TestIndependentLocationPolicy
--- PASS: TestIndependentLocationPolicy (0.01s)
=== RUN   TestIndependentStateBoundary
--- PASS: TestIndependentStateBoundary (0.00s)
=== RUN   TestIndependentExactCalendarContracts
--- PASS: TestIndependentExactCalendarContracts (0.01s)
=== RUN   TestIndependentLocationPolicy
--- PASS: TestIndependentLocationPolicy (0.01s)
=== RUN   TestIndependentStateBoundary
--- PASS: TestIndependentStateBoundary (0.00s)
PASS
ok  	acceptanceb	1.564s
