=== RUN   TestAcceptanceAAdversarialMatrix
=== RUN   TestAcceptanceAAdversarialMatrix/result/vendor=false/capture=false
=== RUN   TestAcceptanceAAdversarialMatrix/result/vendor=false/capture=true
=== RUN   TestAcceptanceAAdversarialMatrix/result/vendor=true/capture=false
=== RUN   TestAcceptanceAAdversarialMatrix/result/vendor=true/capture=true
=== RUN   TestAcceptanceAAdversarialMatrix/soft/vendor=false/capture=false
=== RUN   TestAcceptanceAAdversarialMatrix/soft/vendor=false/capture=true
=== RUN   TestAcceptanceAAdversarialMatrix/soft/vendor=true/capture=false
=== RUN   TestAcceptanceAAdversarialMatrix/soft/vendor=true/capture=true
=== RUN   TestAcceptanceAAdversarialMatrix/hard/vendor=false/capture=false
=== RUN   TestAcceptanceAAdversarialMatrix/hard/vendor=false/capture=true
=== RUN   TestAcceptanceAAdversarialMatrix/hard/vendor=true/capture=false
=== RUN   TestAcceptanceAAdversarialMatrix/hard/vendor=true/capture=true
=== RUN   TestAcceptanceAAdversarialMatrix/control/vendor=false/capture=false
=== RUN   TestAcceptanceAAdversarialMatrix/control/vendor=false/capture=true
=== RUN   TestAcceptanceAAdversarialMatrix/control/vendor=true/capture=false
=== RUN   TestAcceptanceAAdversarialMatrix/control/vendor=true/capture=true
=== RUN   TestAcceptanceAAdversarialMatrix/abort/vendor=false/capture=false
=== RUN   TestAcceptanceAAdversarialMatrix/abort/vendor=false/capture=true
=== RUN   TestAcceptanceAAdversarialMatrix/abort/vendor=true/capture=false
=== RUN   TestAcceptanceAAdversarialMatrix/abort/vendor=true/capture=true
=== RUN   TestAcceptanceAAdversarialMatrix/panic/vendor=false/capture=false
=== RUN   TestAcceptanceAAdversarialMatrix/panic/vendor=false/capture=true
=== RUN   TestAcceptanceAAdversarialMatrix/panic/vendor=true/capture=false
=== RUN   TestAcceptanceAAdversarialMatrix/panic/vendor=true/capture=true
=== RUN   TestAcceptanceAAdversarialMatrix/rejected/vendor=false/capture=false
=== RUN   TestAcceptanceAAdversarialMatrix/rejected/vendor=false/capture=true
=== RUN   TestAcceptanceAAdversarialMatrix/rejected/vendor=true/capture=false
=== RUN   TestAcceptanceAAdversarialMatrix/rejected/vendor=true/capture=true
--- PASS: TestAcceptanceAAdversarialMatrix (0.01s)
    --- PASS: TestAcceptanceAAdversarialMatrix/result/vendor=false/capture=false (0.00s)
    --- PASS: TestAcceptanceAAdversarialMatrix/result/vendor=false/capture=true (0.00s)
    --- PASS: TestAcceptanceAAdversarialMatrix/result/vendor=true/capture=false (0.00s)
    --- PASS: TestAcceptanceAAdversarialMatrix/result/vendor=true/capture=true (0.00s)
    --- PASS: TestAcceptanceAAdversarialMatrix/soft/vendor=false/capture=false (0.00s)
    --- PASS: TestAcceptanceAAdversarialMatrix/soft/vendor=false/capture=true (0.00s)
    --- PASS: TestAcceptanceAAdversarialMatrix/soft/vendor=true/capture=false (0.00s)
    --- PASS: TestAcceptanceAAdversarialMatrix/soft/vendor=true/capture=true (0.00s)
    --- PASS: TestAcceptanceAAdversarialMatrix/hard/vendor=false/capture=false (0.00s)
    --- PASS: TestAcceptanceAAdversarialMatrix/hard/vendor=false/capture=true (0.00s)
    --- PASS: TestAcceptanceAAdversarialMatrix/hard/vendor=true/capture=false (0.00s)
    --- PASS: TestAcceptanceAAdversarialMatrix/hard/vendor=true/capture=true (0.00s)
    --- PASS: TestAcceptanceAAdversarialMatrix/control/vendor=false/capture=false (0.00s)
    --- PASS: TestAcceptanceAAdversarialMatrix/control/vendor=false/capture=true (0.00s)
    --- PASS: TestAcceptanceAAdversarialMatrix/control/vendor=true/capture=false (0.00s)
    --- PASS: TestAcceptanceAAdversarialMatrix/control/vendor=true/capture=true (0.00s)
    --- PASS: TestAcceptanceAAdversarialMatrix/abort/vendor=false/capture=false (0.00s)
    --- PASS: TestAcceptanceAAdversarialMatrix/abort/vendor=false/capture=true (0.00s)
    --- PASS: TestAcceptanceAAdversarialMatrix/abort/vendor=true/capture=false (0.00s)
    --- PASS: TestAcceptanceAAdversarialMatrix/abort/vendor=true/capture=true (0.00s)
    --- PASS: TestAcceptanceAAdversarialMatrix/panic/vendor=false/capture=false (0.00s)
    --- PASS: TestAcceptanceAAdversarialMatrix/panic/vendor=false/capture=true (0.00s)
    --- PASS: TestAcceptanceAAdversarialMatrix/panic/vendor=true/capture=false (0.00s)
    --- PASS: TestAcceptanceAAdversarialMatrix/panic/vendor=true/capture=true (0.00s)
    --- PASS: TestAcceptanceAAdversarialMatrix/rejected/vendor=false/capture=false (0.00s)
    --- PASS: TestAcceptanceAAdversarialMatrix/rejected/vendor=false/capture=true (0.00s)
    --- PASS: TestAcceptanceAAdversarialMatrix/rejected/vendor=true/capture=false (0.00s)
    --- PASS: TestAcceptanceAAdversarialMatrix/rejected/vendor=true/capture=true (0.00s)
=== RUN   TestAcceptanceAInvalidUTF8RedactorOutput
--- PASS: TestAcceptanceAInvalidUTF8RedactorOutput (0.00s)
=== RUN   TestAcceptanceAUTF8TinyBudgets
=== RUN   TestAcceptanceAUTF8TinyBudgets/cap1/redactfalse/vendorfalse/result
=== RUN   TestAcceptanceAUTF8TinyBudgets/cap1/redactfalse/vendorfalse/soft
=== RUN   TestAcceptanceAUTF8TinyBudgets/cap1/redactfalse/vendorfalse/hard
=== RUN   TestAcceptanceAUTF8TinyBudgets/cap1/redactfalse/vendorfalse/panic
=== RUN   TestAcceptanceAUTF8TinyBudgets/cap1/redactfalse/vendortrue/result
=== RUN   TestAcceptanceAUTF8TinyBudgets/cap1/redactfalse/vendortrue/soft
=== RUN   TestAcceptanceAUTF8TinyBudgets/cap1/redactfalse/vendortrue/hard
=== RUN   TestAcceptanceAUTF8TinyBudgets/cap1/redactfalse/vendortrue/panic
=== RUN   TestAcceptanceAUTF8TinyBudgets/cap1/redacttrue/vendorfalse/result
=== RUN   TestAcceptanceAUTF8TinyBudgets/cap1/redacttrue/vendorfalse/soft
=== RUN   TestAcceptanceAUTF8TinyBudgets/cap1/redacttrue/vendorfalse/hard
=== RUN   TestAcceptanceAUTF8TinyBudgets/cap1/redacttrue/vendorfalse/panic
=== RUN   TestAcceptanceAUTF8TinyBudgets/cap1/redacttrue/vendortrue/result
=== RUN   TestAcceptanceAUTF8TinyBudgets/cap1/redacttrue/vendortrue/soft
=== RUN   TestAcceptanceAUTF8TinyBudgets/cap1/redacttrue/vendortrue/hard
=== RUN   TestAcceptanceAUTF8TinyBudgets/cap1/redacttrue/vendortrue/panic
=== RUN   TestAcceptanceAUTF8TinyBudgets/cap2/redactfalse/vendorfalse/result
=== RUN   TestAcceptanceAUTF8TinyBudgets/cap2/redactfalse/vendorfalse/soft
=== RUN   TestAcceptanceAUTF8TinyBudgets/cap2/redactfalse/vendorfalse/hard
=== RUN   TestAcceptanceAUTF8TinyBudgets/cap2/redactfalse/vendorfalse/panic
=== RUN   TestAcceptanceAUTF8TinyBudgets/cap2/redactfalse/vendortrue/result
=== RUN   TestAcceptanceAUTF8TinyBudgets/cap2/redactfalse/vendortrue/soft
=== RUN   TestAcceptanceAUTF8TinyBudgets/cap2/redactfalse/vendortrue/hard
=== RUN   TestAcceptanceAUTF8TinyBudgets/cap2/redactfalse/vendortrue/panic
=== RUN   TestAcceptanceAUTF8TinyBudgets/cap2/redacttrue/vendorfalse/result
=== RUN   TestAcceptanceAUTF8TinyBudgets/cap2/redacttrue/vendorfalse/soft
=== RUN   TestAcceptanceAUTF8TinyBudgets/cap2/redacttrue/vendorfalse/hard
=== RUN   TestAcceptanceAUTF8TinyBudgets/cap2/redacttrue/vendorfalse/panic
=== RUN   TestAcceptanceAUTF8TinyBudgets/cap2/redacttrue/vendortrue/result
=== RUN   TestAcceptanceAUTF8TinyBudgets/cap2/redacttrue/vendortrue/soft
=== RUN   TestAcceptanceAUTF8TinyBudgets/cap2/redacttrue/vendortrue/hard
=== RUN   TestAcceptanceAUTF8TinyBudgets/cap2/redacttrue/vendortrue/panic
=== RUN   TestAcceptanceAUTF8TinyBudgets/cap3/redactfalse/vendorfalse/result
=== RUN   TestAcceptanceAUTF8TinyBudgets/cap3/redactfalse/vendorfalse/soft
=== RUN   TestAcceptanceAUTF8TinyBudgets/cap3/redactfalse/vendorfalse/hard
=== RUN   TestAcceptanceAUTF8TinyBudgets/cap3/redactfalse/vendorfalse/panic
=== RUN   TestAcceptanceAUTF8TinyBudgets/cap3/redactfalse/vendortrue/result
=== RUN   TestAcceptanceAUTF8TinyBudgets/cap3/redactfalse/vendortrue/soft
=== RUN   TestAcceptanceAUTF8TinyBudgets/cap3/redactfalse/vendortrue/hard
=== RUN   TestAcceptanceAUTF8TinyBudgets/cap3/redactfalse/vendortrue/panic
=== RUN   TestAcceptanceAUTF8TinyBudgets/cap3/redacttrue/vendorfalse/result
=== RUN   TestAcceptanceAUTF8TinyBudgets/cap3/redacttrue/vendorfalse/soft
=== RUN   TestAcceptanceAUTF8TinyBudgets/cap3/redacttrue/vendorfalse/hard
=== RUN   TestAcceptanceAUTF8TinyBudgets/cap3/redacttrue/vendorfalse/panic
=== RUN   TestAcceptanceAUTF8TinyBudgets/cap3/redacttrue/vendortrue/result
=== RUN   TestAcceptanceAUTF8TinyBudgets/cap3/redacttrue/vendortrue/soft
=== RUN   TestAcceptanceAUTF8TinyBudgets/cap3/redacttrue/vendortrue/hard
=== RUN   TestAcceptanceAUTF8TinyBudgets/cap3/redacttrue/vendortrue/panic
--- PASS: TestAcceptanceAUTF8TinyBudgets (0.01s)
    --- PASS: TestAcceptanceAUTF8TinyBudgets/cap1/redactfalse/vendorfalse/result (0.00s)
    --- PASS: TestAcceptanceAUTF8TinyBudgets/cap1/redactfalse/vendorfalse/soft (0.00s)
    --- PASS: TestAcceptanceAUTF8TinyBudgets/cap1/redactfalse/vendorfalse/hard (0.00s)
    --- PASS: TestAcceptanceAUTF8TinyBudgets/cap1/redactfalse/vendorfalse/panic (0.00s)
    --- PASS: TestAcceptanceAUTF8TinyBudgets/cap1/redactfalse/vendortrue/result (0.00s)
    --- PASS: TestAcceptanceAUTF8TinyBudgets/cap1/redactfalse/vendortrue/soft (0.00s)
    --- PASS: TestAcceptanceAUTF8TinyBudgets/cap1/redactfalse/vendortrue/hard (0.00s)
    --- PASS: TestAcceptanceAUTF8TinyBudgets/cap1/redactfalse/vendortrue/panic (0.00s)
    --- PASS: TestAcceptanceAUTF8TinyBudgets/cap1/redacttrue/vendorfalse/result (0.00s)
    --- PASS: TestAcceptanceAUTF8TinyBudgets/cap1/redacttrue/vendorfalse/soft (0.00s)
    --- PASS: TestAcceptanceAUTF8TinyBudgets/cap1/redacttrue/vendorfalse/hard (0.00s)
    --- PASS: TestAcceptanceAUTF8TinyBudgets/cap1/redacttrue/vendorfalse/panic (0.00s)
    --- PASS: TestAcceptanceAUTF8TinyBudgets/cap1/redacttrue/vendortrue/result (0.00s)
    --- PASS: TestAcceptanceAUTF8TinyBudgets/cap1/redacttrue/vendortrue/soft (0.00s)
    --- PASS: TestAcceptanceAUTF8TinyBudgets/cap1/redacttrue/vendortrue/hard (0.00s)
    --- PASS: TestAcceptanceAUTF8TinyBudgets/cap1/redacttrue/vendortrue/panic (0.00s)
    --- PASS: TestAcceptanceAUTF8TinyBudgets/cap2/redactfalse/vendorfalse/result (0.00s)
    --- PASS: TestAcceptanceAUTF8TinyBudgets/cap2/redactfalse/vendorfalse/soft (0.00s)
    --- PASS: TestAcceptanceAUTF8TinyBudgets/cap2/redactfalse/vendorfalse/hard (0.00s)
    --- PASS: TestAcceptanceAUTF8TinyBudgets/cap2/redactfalse/vendorfalse/panic (0.00s)
    --- PASS: TestAcceptanceAUTF8TinyBudgets/cap2/redactfalse/vendortrue/result (0.00s)
    --- PASS: TestAcceptanceAUTF8TinyBudgets/cap2/redactfalse/vendortrue/soft (0.00s)
    --- PASS: TestAcceptanceAUTF8TinyBudgets/cap2/redactfalse/vendortrue/hard (0.00s)
    --- PASS: TestAcceptanceAUTF8TinyBudgets/cap2/redactfalse/vendortrue/panic (0.00s)
    --- PASS: TestAcceptanceAUTF8TinyBudgets/cap2/redacttrue/vendorfalse/result (0.00s)
    --- PASS: TestAcceptanceAUTF8TinyBudgets/cap2/redacttrue/vendorfalse/soft (0.00s)
    --- PASS: TestAcceptanceAUTF8TinyBudgets/cap2/redacttrue/vendorfalse/hard (0.00s)
    --- PASS: TestAcceptanceAUTF8TinyBudgets/cap2/redacttrue/vendorfalse/panic (0.00s)
    --- PASS: TestAcceptanceAUTF8TinyBudgets/cap2/redacttrue/vendortrue/result (0.00s)
    --- PASS: TestAcceptanceAUTF8TinyBudgets/cap2/redacttrue/vendortrue/soft (0.00s)
    --- PASS: TestAcceptanceAUTF8TinyBudgets/cap2/redacttrue/vendortrue/hard (0.00s)
    --- PASS: TestAcceptanceAUTF8TinyBudgets/cap2/redacttrue/vendortrue/panic (0.00s)
    --- PASS: TestAcceptanceAUTF8TinyBudgets/cap3/redactfalse/vendorfalse/result (0.00s)
    --- PASS: TestAcceptanceAUTF8TinyBudgets/cap3/redactfalse/vendorfalse/soft (0.00s)
    --- PASS: TestAcceptanceAUTF8TinyBudgets/cap3/redactfalse/vendorfalse/hard (0.00s)
    --- PASS: TestAcceptanceAUTF8TinyBudgets/cap3/redactfalse/vendorfalse/panic (0.00s)
    --- PASS: TestAcceptanceAUTF8TinyBudgets/cap3/redactfalse/vendortrue/result (0.00s)
    --- PASS: TestAcceptanceAUTF8TinyBudgets/cap3/redactfalse/vendortrue/soft (0.00s)
    --- PASS: TestAcceptanceAUTF8TinyBudgets/cap3/redactfalse/vendortrue/hard (0.00s)
    --- PASS: TestAcceptanceAUTF8TinyBudgets/cap3/redactfalse/vendortrue/panic (0.00s)
    --- PASS: TestAcceptanceAUTF8TinyBudgets/cap3/redacttrue/vendorfalse/result (0.00s)
    --- PASS: TestAcceptanceAUTF8TinyBudgets/cap3/redacttrue/vendorfalse/soft (0.00s)
    --- PASS: TestAcceptanceAUTF8TinyBudgets/cap3/redacttrue/vendorfalse/hard (0.00s)
    --- PASS: TestAcceptanceAUTF8TinyBudgets/cap3/redacttrue/vendorfalse/panic (0.00s)
    --- PASS: TestAcceptanceAUTF8TinyBudgets/cap3/redacttrue/vendortrue/result (0.00s)
    --- PASS: TestAcceptanceAUTF8TinyBudgets/cap3/redacttrue/vendortrue/soft (0.00s)
    --- PASS: TestAcceptanceAUTF8TinyBudgets/cap3/redacttrue/vendortrue/hard (0.00s)
    --- PASS: TestAcceptanceAUTF8TinyBudgets/cap3/redacttrue/vendortrue/panic (0.00s)
PASS
ok  	github.com/skosovsky/toolsy/ext/toolsyotel	1.858s
