--- FAIL: TestD32ConstructorOptions (0.00s)
    --- FAIL: TestD32ConstructorOptions/nil (0.00s)
        constructor_contract_test.go:30: 
            	Error Trace:	/Users/skosovsky/Library/Mobile Documents/com~apple~CloudDocs/Загрузки/Projects/ai/toolsy/toolkits/document/constructor_contract_test.go:30
            	Error:      	func (assert.PanicTestFunc)(0x10442deb0) should not panic
            	            		Panic value:	runtime error: invalid memory address or nil pointer dereference
            	            		Panic stack:	goroutine 6 [running]:
            	            	runtime/debug.Stack()
            	            		/opt/homebrew/Cellar/go/1.27.1/libexec/src/runtime/debug/stack.go:26 +0x64
            	            	github.com/stretchr/testify/assert.didPanic.func1()
            	            		/Users/skosovsky/go/pkg/mod/github.com/stretchr/testify@v1.12.1/assert/assertions.go:1287 +0x64
            	            	panic({0x1048982a8?, 0x104951990?})
            	            		/opt/homebrew/Cellar/go/1.27.1/libexec/src/runtime/panic.go:859 +0x120
            	            	github.com/skosovsky/toolsy/toolkits/document.AsToolWithCleanup({0x56bda6e2ede0, 0x1, 0x106a04108?})
            	            		/Users/skosovsky/Library/Mobile Documents/com~apple~CloudDocs/Загрузки/Projects/ai/toolsy/toolkits/document/document.go:41 +0x60
            	            	github.com/skosovsky/toolsy/toolkits/document.TestD32ConstructorOptions.func1({0x56bda6df85e0?, 0x10412f2b0?, 0x1041c2268?})
            	            		/Users/skosovsky/Library/Mobile Documents/com~apple~CloudDocs/Загрузки/Projects/ai/toolsy/toolkits/document/constructor_contract_test.go:12 +0x28
            	            	github.com/skosovsky/toolsy/toolkits/document.TestD32ConstructorOptions.func6.1()
            	            		/Users/skosovsky/Library/Mobile Documents/com~apple~CloudDocs/Загрузки/Projects/ai/toolsy/toolkits/document/constructor_contract_test.go:30 +0x38
            	            	github.com/stretchr/testify/assert.didPanic(0x104955ae0?)
            	            		/Users/skosovsky/go/pkg/mod/github.com/stretchr/testify@v1.12.1/assert/assertions.go:1292 +0x68
            	            	github.com/stretchr/testify/assert.NotPanics({0x1048f4b68, 0x56bda70adb08}, 0x56bda6d95338, {0x0, 0x0, 0x0})
            	            		/Users/skosovsky/go/pkg/mod/github.com/stretchr/testify@v1.12.1/assert/assertions.go:1369 +0x70
            	            	github.com/stretchr/testify/require.NotPanics({0x1048f6a98, 0x56bda70adb08}, 0x56bda6d95338, {0x0, 0x0, 0x0})
            	            		/Users/skosovsky/go/pkg/mod/github.com/stretchr/testify@v1.12.1/require/require.go:1683 +0xa4
            	            	github.com/skosovsky/toolsy/toolkits/document.TestD32ConstructorOptions.func6(0x56bda70adb08)
            	            		/Users/skosovsky/Library/Mobile Documents/com~apple~CloudDocs/Загрузки/Projects/ai/toolsy/toolkits/document/constructor_contract_test.go:30 +0x8c
            	            	testing.tRunner(0x56bda70adb08, 0x56bda70edc20)
            	            		/opt/homebrew/Cellar/go/1.27.1/libexec/src/testing/testing.go:2193 +0xc4
            	            	created by testing.(*T).Run in goroutine 5
            	            		/opt/homebrew/Cellar/go/1.27.1/libexec/src/testing/testing.go:2258 +0x3b8
            	Test:       	TestD32ConstructorOptions/nil
FAIL
FAIL	github.com/skosovsky/toolsy/toolkits/document	0.527s
FAIL
