github.com/skosovsky/toolsy
github.com/creack/pty v1.1.9
github.com/davecgh/go-spew v1.1.1
github.com/dlclark/regexp2 v1.11.0
github.com/google/go-cmp v0.7.0
github.com/google/jsonschema-go v0.4.3
github.com/kr/pretty v0.3.1
github.com/kr/pty v1.1.1
github.com/kr/text v0.2.0
github.com/pkg/diff v0.0.0-20210226163009-20ebb0f2a09e
github.com/pmezard/go-difflib v1.0.0
github.com/rogpeppe/go-internal v1.16.0
github.com/santhosh-tekuri/jsonschema/v6 v6.0.3
github.com/stretchr/objx v0.5.3
github.com/stretchr/testify v1.12.1
go.uber.org/goleak v1.3.0
go.yaml.in/yaml/v3 v3.0.5
golang.org/x/mod v0.41.0
golang.org/x/sync v0.23.0
golang.org/x/sys v0.26.0
golang.org/x/text v0.42.0
golang.org/x/tools v0.49.0
gopkg.in/check.v1 v1.0.0-20201130134442-10cb98267c6c
gopkg.in/yaml.v3 v3.0.1
