=== RUN   TestManyIndependentOperations
--- PASS: TestManyIndependentOperations (0.09s)
=== RUN   TestDecodeErrorAndCallbackReentry
--- PASS: TestDecodeErrorAndCallbackReentry (0.00s)
=== RUN   TestNilCases
--- PASS: TestNilCases (0.00s)
=== RUN   TestManyIndependentOperations
--- PASS: TestManyIndependentOperations (0.08s)
=== RUN   TestDecodeErrorAndCallbackReentry
--- PASS: TestDecodeErrorAndCallbackReentry (0.00s)
=== RUN   TestNilCases
--- PASS: TestNilCases (0.00s)
=== RUN   TestManyIndependentOperations
--- PASS: TestManyIndependentOperations (0.08s)
=== RUN   TestDecodeErrorAndCallbackReentry
--- PASS: TestDecodeErrorAndCallbackReentry (0.00s)
=== RUN   TestNilCases
--- PASS: TestNilCases (0.00s)
PASS
ok  	r08reviewb	1.796s
