=== RUN   TestPreparedArtifactsMatchCommittedVCS
--- PASS: TestPreparedArtifactsMatchCommittedVCS (1.98s)
=== RUN   TestReleasePrepareOnlyPreservesSource
--- PASS: TestReleasePrepareOnlyPreservesSource (1.80s)
=== RUN   TestReleaseRejectsTransformingAttributes
=== RUN   TestReleaseRejectsTransformingAttributes/export-ignore
=== RUN   TestReleaseRejectsTransformingAttributes/export-subst
=== RUN   TestReleaseRejectsTransformingAttributes/filter=fixture
=== RUN   TestReleaseRejectsTransformingAttributes/working-tree-encoding=UTF-8
=== RUN   TestReleaseRejectsTransformingAttributes/ident
=== RUN   TestReleaseRejectsTransformingAttributes/text
=== RUN   TestReleaseRejectsTransformingAttributes/eol=crlf
--- PASS: TestReleaseRejectsTransformingAttributes (6.71s)
    --- PASS: TestReleaseRejectsTransformingAttributes/export-ignore (0.96s)
    --- PASS: TestReleaseRejectsTransformingAttributes/export-subst (0.88s)
    --- PASS: TestReleaseRejectsTransformingAttributes/filter=fixture (1.10s)
    --- PASS: TestReleaseRejectsTransformingAttributes/working-tree-encoding=UTF-8 (0.95s)
    --- PASS: TestReleaseRejectsTransformingAttributes/ident (0.89s)
    --- PASS: TestReleaseRejectsTransformingAttributes/text (0.97s)
    --- PASS: TestReleaseRejectsTransformingAttributes/eol=crlf (0.96s)
=== RUN   TestReleaseRejectsGlobalTransformingAttributes
--- PASS: TestReleaseRejectsGlobalTransformingAttributes (0.88s)
=== RUN   TestReleaseAllowsMetadataAttributes
--- PASS: TestReleaseAllowsMetadataAttributes (2.15s)
=== RUN   TestCommandCancellationBoundsIgnoringProcessGroup
--- PASS: TestCommandCancellationBoundsIgnoringProcessGroup (2.12s)
=== RUN   TestPrivateConfigurationPreservesAuthAndDropsSelectors
--- PASS: TestPrivateConfigurationPreservesAuthAndDropsSelectors (0.00s)
=== RUN   TestSourceCRLFCheckoutIsPreserved
--- PASS: TestSourceCRLFCheckoutIsPreserved (2.20s)
=== RUN   TestReleaseFailurePreservesSource
=== RUN   TestReleaseFailurePreservesSource/verify
=== RUN   TestReleaseFailurePreservesSource/publish
=== RUN   TestReleaseFailurePreservesSource/tracked-dirty
=== RUN   TestReleaseFailurePreservesSource/incomplete-modules
--- PASS: TestReleaseFailurePreservesSource (4.95s)
    --- PASS: TestReleaseFailurePreservesSource/verify (1.56s)
    --- PASS: TestReleaseFailurePreservesSource/publish (2.29s)
    --- PASS: TestReleaseFailurePreservesSource/tracked-dirty (0.53s)
    --- PASS: TestReleaseFailurePreservesSource/incomplete-modules (0.56s)
=== RUN   TestReleaseCancelAtConfirmationPreservesSource
--- PASS: TestReleaseCancelAtConfirmationPreservesSource (1.61s)
=== RUN   TestReleaseExactArtifactGraph
--- PASS: TestReleaseExactArtifactGraph (2.27s)
=== RUN   TestPublicationScope
--- PASS: TestPublicationScope (1.87s)
=== RUN   TestPublicationFailures
=== RUN   TestPublicationFailures/local_collision
=== RUN   TestPublicationFailures/push_collision
=== RUN   TestPublicationFailures/reject_child
=== RUN   TestPublicationFailures/no_atomic
=== RUN   TestPublicationFailures/multiple_destinations
--- PASS: TestPublicationFailures (7.06s)
    --- PASS: TestPublicationFailures/local_collision (1.11s)
    --- PASS: TestPublicationFailures/push_collision (1.27s)
    --- PASS: TestPublicationFailures/reject_child (2.25s)
    --- PASS: TestPublicationFailures/no_atomic (1.87s)
    --- PASS: TestPublicationFailures/multiple_destinations (0.56s)
=== RUN   TestPublicationRechecksAfterPreparation
--- PASS: TestPublicationRechecksAfterPreparation (1.76s)
=== RUN   TestReleasePreservesUntrackedSource
    release_fixture_test.go:139: release: exit status 141
--- FAIL: TestReleasePreservesUntrackedSource (0.58s)
FAIL
FAIL	github.com/skosovsky/toolsy/internal/release	38.148s
FAIL
