ok  	github.com/skosovsky/toolsy	3.884s
ok  	github.com/skosovsky/toolsy/adapters/execution/filejournal	3.253s
ok  	github.com/skosovsky/toolsy/cmd/toolsy-gen	1.323s
?   	github.com/skosovsky/toolsy/cmd/toolsy-release	[no test files]
ok  	github.com/skosovsky/toolsy/examples/approval_journal	1.492s
?   	github.com/skosovsky/toolsy/examples/calculator	[no test files]
?   	github.com/skosovsky/toolsy/examples/contract_recovery	[no test files]
ok  	github.com/skosovsky/toolsy/examples/full_agent	1.238s
ok  	github.com/skosovsky/toolsy/examples/generated_presence	1.679s
?   	github.com/skosovsky/toolsy/examples/generated_stream	[no test files]
?   	github.com/skosovsky/toolsy/examples/host_event	[no test files]
ok  	github.com/skosovsky/toolsy/examples/nested_contract	1.244s
?   	github.com/skosovsky/toolsy/examples/run_call	[no test files]
?   	github.com/skosovsky/toolsy/examples/session_snapshot	[no test files]
?   	github.com/skosovsky/toolsy/examples/stream_terminal	[no test files]
?   	github.com/skosovsky/toolsy/examples/streaming	[no test files]
ok  	github.com/skosovsky/toolsy/exectool	1.480s
ok  	github.com/skosovsky/toolsy/historycodec	1.258s
ok  	github.com/skosovsky/toolsy/internal/format	1.278s
ok  	github.com/skosovsky/toolsy/internal/jsonschemax	1.258s
ok  	github.com/skosovsky/toolsy/internal/release	59.987s
ok  	github.com/skosovsky/toolsy/internal/sandboxfs	1.367s
?   	github.com/skosovsky/toolsy/internal/sqlutil	[no test files]
?   	github.com/skosovsky/toolsy/internal/testhttp	[no test files]
ok  	github.com/skosovsky/toolsy/internal/toolsygen	63.195s
ok  	github.com/skosovsky/toolsy/testutil	1.230s
ok  	github.com/skosovsky/toolsy/textprocessor	1.318s
