ok  	github.com/skosovsky/toolsy	12.332s
ok  	github.com/skosovsky/toolsy/adapters/execution/filejournal	(cached)
ok  	github.com/skosovsky/toolsy/cmd/toolsy-gen	2.021s
?   	github.com/skosovsky/toolsy/cmd/toolsy-release	[no test files]
ok  	github.com/skosovsky/toolsy/examples/approval_journal	2.837s
?   	github.com/skosovsky/toolsy/examples/calculator	[no test files]
?   	github.com/skosovsky/toolsy/examples/contract_recovery	[no test files]
ok  	github.com/skosovsky/toolsy/examples/full_agent	1.950s
?   	github.com/skosovsky/toolsy/examples/run_call	[no test files]
?   	github.com/skosovsky/toolsy/examples/semantic_truncation	[no test files]
?   	github.com/skosovsky/toolsy/examples/session_snapshot	[no test files]
?   	github.com/skosovsky/toolsy/examples/stream_terminal	[no test files]
?   	github.com/skosovsky/toolsy/examples/streaming	[no test files]
ok  	github.com/skosovsky/toolsy/exectool	2.520s
ok  	github.com/skosovsky/toolsy/history	(cached)
ok  	github.com/skosovsky/toolsy/historycodec	2.314s
ok  	github.com/skosovsky/toolsy/internal/format	(cached)
ok  	github.com/skosovsky/toolsy/internal/jsonschemax	(cached)
ok  	github.com/skosovsky/toolsy/internal/release	(cached)
ok  	github.com/skosovsky/toolsy/internal/sandboxfs	(cached)
?   	github.com/skosovsky/toolsy/internal/sqlutil	[no test files]
?   	github.com/skosovsky/toolsy/internal/testhttp	[no test files]
ok  	github.com/skosovsky/toolsy/internal/toolsygen	46.458s
ok  	github.com/skosovsky/toolsy/testutil	1.784s
ok  	github.com/skosovsky/toolsy/textprocessor	(cached)
