ok  	github.com/skosovsky/toolsy	10.163s
ok  	github.com/skosovsky/toolsy/adapters/execution/filejournal	3.693s
ok  	github.com/skosovsky/toolsy/cmd/toolsy-gen	1.596s
?   	github.com/skosovsky/toolsy/cmd/toolsy-release	[no test files]
ok  	github.com/skosovsky/toolsy/examples/approval_journal	1.746s
?   	github.com/skosovsky/toolsy/examples/calculator	[no test files]
?   	github.com/skosovsky/toolsy/examples/contract_recovery	[no test files]
ok  	github.com/skosovsky/toolsy/examples/full_agent	1.631s
?   	github.com/skosovsky/toolsy/examples/generated_stream	[no test files]
?   	github.com/skosovsky/toolsy/examples/host_event	[no test files]
?   	github.com/skosovsky/toolsy/examples/run_call	[no test files]
?   	github.com/skosovsky/toolsy/examples/session_snapshot	[no test files]
?   	github.com/skosovsky/toolsy/examples/stream_terminal	[no test files]
?   	github.com/skosovsky/toolsy/examples/streaming	[no test files]
ok  	github.com/skosovsky/toolsy/exectool	1.701s
ok  	github.com/skosovsky/toolsy/historycodec	1.814s
ok  	github.com/skosovsky/toolsy/internal/format	1.556s
ok  	github.com/skosovsky/toolsy/internal/jsonschemax	1.326s
ok  	github.com/skosovsky/toolsy/internal/release	57.968s
ok  	github.com/skosovsky/toolsy/internal/sandboxfs	1.866s
?   	github.com/skosovsky/toolsy/internal/sqlutil	[no test files]
?   	github.com/skosovsky/toolsy/internal/testhttp	[no test files]
ok  	github.com/skosovsky/toolsy/internal/toolsygen	69.124s
ok  	github.com/skosovsky/toolsy/testutil	1.552s
ok  	github.com/skosovsky/toolsy/textprocessor	1.700s
