ok  	github.com/skosovsky/toolsy	6.783s
ok  	github.com/skosovsky/toolsy/adapters/execution/filejournal	9.571s
ok  	github.com/skosovsky/toolsy/cmd/toolsy-gen	1.996s
?   	github.com/skosovsky/toolsy/cmd/toolsy-release	[no test files]
ok  	github.com/skosovsky/toolsy/examples/approval_journal	2.795s
?   	github.com/skosovsky/toolsy/examples/calculator	[no test files]
?   	github.com/skosovsky/toolsy/examples/contract_recovery	[no test files]
ok  	github.com/skosovsky/toolsy/examples/full_agent	1.562s
?   	github.com/skosovsky/toolsy/examples/generated_stream	[no test files]
?   	github.com/skosovsky/toolsy/examples/host_event	[no test files]
?   	github.com/skosovsky/toolsy/examples/run_call	[no test files]
?   	github.com/skosovsky/toolsy/examples/session_snapshot	[no test files]
?   	github.com/skosovsky/toolsy/examples/stream_terminal	[no test files]
?   	github.com/skosovsky/toolsy/examples/streaming	[no test files]
ok  	github.com/skosovsky/toolsy/exectool	2.469s
ok  	github.com/skosovsky/toolsy/historycodec	1.557s
ok  	github.com/skosovsky/toolsy/internal/format	1.504s
ok  	github.com/skosovsky/toolsy/internal/jsonschemax	1.456s
ok  	github.com/skosovsky/toolsy/internal/sandboxfs	6.980s
?   	github.com/skosovsky/toolsy/internal/sqlutil	[no test files]
?   	github.com/skosovsky/toolsy/internal/testhttp	[no test files]
ok  	github.com/skosovsky/toolsy/internal/toolsygen	108.523s
ok  	github.com/skosovsky/toolsy/testutil	1.451s
ok  	github.com/skosovsky/toolsy/textprocessor	1.739s
