--- FAIL: TestD32ConstructorOptions (0.01s)
    --- FAIL: TestD32ConstructorOptions/nil (0.00s)
        constructor_contract_test.go:27: 
            	Error Trace:	/Users/skosovsky/Library/Mobile Documents/com~apple~CloudDocs/Загрузки/Projects/ai/toolsy/toolkits/fstool/constructor_contract_test.go:27
            	Error:      	func (assert.PanicTestFunc)(0x104f02110) should not panic
            	            		Panic value:	runtime error: invalid memory address or nil pointer dereference
            	            		Panic stack:	goroutine 21 [running]:
            	            	runtime/debug.Stack()
            	            		/opt/homebrew/Cellar/go/1.27.1/libexec/src/runtime/debug/stack.go:26 +0x64
            	            	github.com/stretchr/testify/assert.didPanic.func1()
            	            		/Users/skosovsky/go/pkg/mod/github.com/stretchr/testify@v1.12.1/assert/assertions.go:1287 +0x64
            	            	panic({0x10520d518?, 0x1052a2f50?})
            	            		/opt/homebrew/Cellar/go/1.27.1/libexec/src/runtime/panic.go:859 +0x120
            	            	github.com/skosovsky/toolsy/toolkits/fstool.AsTools({0x7cc476b75740, 0x58}, {0x7cc476a22de0, 0x1, 0x7cc476a05d88?})
            	            		/Users/skosovsky/Library/Mobile Documents/com~apple~CloudDocs/Загрузки/Projects/ai/toolsy/toolkits/fstool/fstool.go:75 +0x208
            	            	github.com/skosovsky/toolsy/toolkits/fstool.TestD32ConstructorOptions.func1({0x7cc476a05de0?, 0x104d1eff0?, 0x104dad1a8?})
            	            		/Users/skosovsky/Library/Mobile Documents/com~apple~CloudDocs/Загрузки/Projects/ai/toolsy/toolkits/fstool/constructor_contract_test.go:13 +0x40
            	            	github.com/skosovsky/toolsy/toolkits/fstool.TestD32ConstructorOptions.func2.1()
            	            		/Users/skosovsky/Library/Mobile Documents/com~apple~CloudDocs/Загрузки/Projects/ai/toolsy/toolkits/fstool/constructor_contract_test.go:27 +0x38
            	            	github.com/stretchr/testify/assert.didPanic(0x1052a53a0?)
            	            		/Users/skosovsky/go/pkg/mod/github.com/stretchr/testify@v1.12.1/assert/assertions.go:1292 +0x68
            	            	github.com/stretchr/testify/assert.NotPanics({0x10524bf50, 0x7cc476d138c8}, 0x7cc476b21320, {0x0, 0x0, 0x0})
            	            		/Users/skosovsky/go/pkg/mod/github.com/stretchr/testify@v1.12.1/assert/assertions.go:1369 +0x70
            	            	github.com/stretchr/testify/require.NotPanics({0x10524d060, 0x7cc476d138c8}, 0x7cc476b21320, {0x0, 0x0, 0x0})
            	            		/Users/skosovsky/go/pkg/mod/github.com/stretchr/testify@v1.12.1/require/require.go:1683 +0xa4
            	            	github.com/skosovsky/toolsy/toolkits/fstool.TestD32ConstructorOptions.func2(0x7cc476d138c8)
            	            		/Users/skosovsky/Library/Mobile Documents/com~apple~CloudDocs/Загрузки/Projects/ai/toolsy/toolkits/fstool/constructor_contract_test.go:27 +0x8c
            	            	testing.tRunner(0x7cc476d138c8, 0x7cc476d51be0)
            	            		/opt/homebrew/Cellar/go/1.27.1/libexec/src/testing/testing.go:2193 +0xc4
            	            	created by testing.(*T).Run in goroutine 20
            	            		/opt/homebrew/Cellar/go/1.27.1/libexec/src/testing/testing.go:2258 +0x3b8
            	Test:       	TestD32ConstructorOptions/nil
FAIL
FAIL	github.com/skosovsky/toolsy/toolkits/fstool	0.248s
FAIL
