--- FAIL: TestD32ConstructorOptions (0.00s)
    --- FAIL: TestD32ConstructorOptions/nil (0.00s)
        constructor_contract_test.go:28: 
            	Error Trace:	/Users/skosovsky/Library/Mobile Documents/com~apple~CloudDocs/Загрузки/Projects/ai/toolsy/toolkits/httptool/constructor_contract_test.go:28
            	Error:      	func (assert.PanicTestFunc)(0x102721370) should not panic
            	            		Panic value:	runtime error: invalid memory address or nil pointer dereference
            	            		Panic stack:	goroutine 21 [running]:
            	            	runtime/debug.Stack()
            	            		/opt/homebrew/Cellar/go/1.27.1/libexec/src/runtime/debug/stack.go:26 +0x64
            	            	github.com/stretchr/testify/assert.didPanic.func1()
            	            		/Users/skosovsky/go/pkg/mod/github.com/stretchr/testify@v1.12.1/assert/assertions.go:1287 +0x64
            	            	panic({0x102b99548?, 0x102c54a00?})
            	            		/opt/homebrew/Cellar/go/1.27.1/libexec/src/runtime/panic.go:859 +0x120
            	            	github.com/skosovsky/toolsy/toolkits/httptool.AsToolsWithCleanup({0x48c5d3b2ede0, 0x1, 0x104d17bf0?})
            	            		/Users/skosovsky/Library/Mobile Documents/com~apple~CloudDocs/Загрузки/Projects/ai/toolsy/toolkits/httptool/httptool.go:44 +0x64
            	            	github.com/skosovsky/toolsy/toolkits/httptool.TestD32ConstructorOptions.func1({0x48c5d3b11de0?, 0x10241f3f0?, 0x1024afdf8?})
            	            		/Users/skosovsky/Library/Mobile Documents/com~apple~CloudDocs/Загрузки/Projects/ai/toolsy/toolkits/httptool/constructor_contract_test.go:12 +0x28
            	            	github.com/skosovsky/toolsy/toolkits/httptool.TestD32ConstructorOptions.func2.1()
            	            		/Users/skosovsky/Library/Mobile Documents/com~apple~CloudDocs/Загрузки/Projects/ai/toolsy/toolkits/httptool/constructor_contract_test.go:28 +0x38
            	            	github.com/stretchr/testify/assert.didPanic(0x102c596a0?)
            	            		/Users/skosovsky/go/pkg/mod/github.com/stretchr/testify@v1.12.1/assert/assertions.go:1292 +0x68
            	            	github.com/stretchr/testify/assert.NotPanics({0x102bf61a0, 0x48c5d3da3b08}, 0x48c5d3bab320, {0x0, 0x0, 0x0})
            	            		/Users/skosovsky/go/pkg/mod/github.com/stretchr/testify@v1.12.1/assert/assertions.go:1369 +0x70
            	            	github.com/stretchr/testify/require.NotPanics({0x102bf7ff0, 0x48c5d3da3b08}, 0x48c5d3bab320, {0x0, 0x0, 0x0})
            	            		/Users/skosovsky/go/pkg/mod/github.com/stretchr/testify@v1.12.1/require/require.go:1683 +0xa4
            	            	github.com/skosovsky/toolsy/toolkits/httptool.TestD32ConstructorOptions.func2(0x48c5d3da3b08)
            	            		/Users/skosovsky/Library/Mobile Documents/com~apple~CloudDocs/Загрузки/Projects/ai/toolsy/toolkits/httptool/constructor_contract_test.go:28 +0x8c
            	            	testing.tRunner(0x48c5d3da3b08, 0x48c5d3de1d20)
            	            		/opt/homebrew/Cellar/go/1.27.1/libexec/src/testing/testing.go:2193 +0xc4
            	            	created by testing.(*T).Run in goroutine 20
            	            		/opt/homebrew/Cellar/go/1.27.1/libexec/src/testing/testing.go:2258 +0x3b8
            	Test:       	TestD32ConstructorOptions/nil
    --- FAIL: TestD32ConstructorOptions/a (0.00s)
        constructor_contract_test.go:36: 
            	Error Trace:	/Users/skosovsky/Library/Mobile Documents/com~apple~CloudDocs/Загрузки/Projects/ai/toolsy/toolkits/httptool/constructor_contract_test.go:36
            	Error:      	An error is expected but got nil.
            	Test:       	TestD32ConstructorOptions/a
    --- FAIL: TestD32ConstructorOptions/b (0.00s)
        constructor_contract_test.go:36: 
            	Error Trace:	/Users/skosovsky/Library/Mobile Documents/com~apple~CloudDocs/Загрузки/Projects/ai/toolsy/toolkits/httptool/constructor_contract_test.go:36
            	Error:      	An error is expected but got nil.
            	Test:       	TestD32ConstructorOptions/b
    --- FAIL: TestD32ConstructorOptions/c (0.00s)
        constructor_contract_test.go:36: 
            	Error Trace:	/Users/skosovsky/Library/Mobile Documents/com~apple~CloudDocs/Загрузки/Projects/ai/toolsy/toolkits/httptool/constructor_contract_test.go:36
            	Error:      	An error is expected but got nil.
            	Test:       	TestD32ConstructorOptions/c
FAIL
FAIL	github.com/skosovsky/toolsy/toolkits/httptool	0.300s
FAIL
