--- FAIL: TestD32ConstructorOptions (0.00s)
    --- FAIL: TestD32ConstructorOptions/nil (0.00s)
        constructor_contract_test.go:30: 
            	Error Trace:	/Users/skosovsky/Library/Mobile Documents/com~apple~CloudDocs/Загрузки/Projects/ai/toolsy/toolkits/sqltool/constructor_contract_test.go:30
            	Error:      	func (assert.PanicTestFunc)(0x104633120) should not panic
            	            		Panic value:	runtime error: invalid memory address or nil pointer dereference
            	            		Panic stack:	goroutine 66 [running]:
            	            	runtime/debug.Stack()
            	            		/opt/homebrew/Cellar/go/1.27.1/libexec/src/runtime/debug/stack.go:26 +0x64
            	            	github.com/stretchr/testify/assert.didPanic.func1()
            	            		/Users/skosovsky/go/pkg/mod/github.com/stretchr/testify@v1.12.1/assert/assertions.go:1287 +0x64
            	            	panic({0x104ada0f0?, 0x104b89370?})
            	            		/opt/homebrew/Cellar/go/1.27.1/libexec/src/runtime/panic.go:859 +0x120
            	            	github.com/skosovsky/toolsy/toolkits/sqltool.AsTools(0x21d48fa4dc70, {0x104676734, 0x7}, {0x21d48f98bde0, 0x1, 0x104257170?})
            	            		/Users/skosovsky/Library/Mobile Documents/com~apple~CloudDocs/Загрузки/Projects/ai/toolsy/toolkits/sqltool/sqltool.go:51 +0xe0
            	            	github.com/skosovsky/toolsy/toolkits/sqltool.TestD32ConstructorOptions.func1({0x21d48f98bde0, 0x1, 0x1})
            	            		/Users/skosovsky/Library/Mobile Documents/com~apple~CloudDocs/Загрузки/Projects/ai/toolsy/toolkits/sqltool/constructor_contract_test.go:13 +0x54
            	            	github.com/skosovsky/toolsy/toolkits/sqltool.TestD32ConstructorOptions.func2.1()
            	            		/Users/skosovsky/Library/Mobile Documents/com~apple~CloudDocs/Загрузки/Projects/ai/toolsy/toolkits/sqltool/constructor_contract_test.go:30 +0x38
            	            	github.com/stretchr/testify/assert.didPanic(0x104b8bde0?)
            	            		/Users/skosovsky/go/pkg/mod/github.com/stretchr/testify@v1.12.1/assert/assertions.go:1292 +0x68
            	            	github.com/stretchr/testify/assert.NotPanics({0x104b1d7c0, 0x21d48fa41688}, 0x21d48fa764f8, {0x0, 0x0, 0x0})
            	            		/Users/skosovsky/go/pkg/mod/github.com/stretchr/testify@v1.12.1/assert/assertions.go:1369 +0x70
            	            	github.com/stretchr/testify/require.NotPanics({0x104b1e950, 0x21d48fa41688}, 0x21d48fa764f8, {0x0, 0x0, 0x0})
            	            		/Users/skosovsky/go/pkg/mod/github.com/stretchr/testify@v1.12.1/require/require.go:1683 +0xa4
            	            	github.com/skosovsky/toolsy/toolkits/sqltool.TestD32ConstructorOptions.func2(0x21d48fa41688)
            	            		/Users/skosovsky/Library/Mobile Documents/com~apple~CloudDocs/Загрузки/Projects/ai/toolsy/toolkits/sqltool/constructor_contract_test.go:30 +0x8c
            	            	testing.tRunner(0x21d48fa41688, 0x21d48fb02b60)
            	            		/opt/homebrew/Cellar/go/1.27.1/libexec/src/testing/testing.go:2193 +0xc4
            	            	created by testing.(*T).Run in goroutine 65
            	            		/opt/homebrew/Cellar/go/1.27.1/libexec/src/testing/testing.go:2258 +0x3b8
            	Test:       	TestD32ConstructorOptions/nil
    --- FAIL: TestD32ConstructorOptions/a (0.00s)
        constructor_contract_test.go:38: 
            	Error Trace:	/Users/skosovsky/Library/Mobile Documents/com~apple~CloudDocs/Загрузки/Projects/ai/toolsy/toolkits/sqltool/constructor_contract_test.go:38
            	Error:      	An error is expected but got nil.
            	Test:       	TestD32ConstructorOptions/a
    --- FAIL: TestD32ConstructorOptions/b (0.00s)
        constructor_contract_test.go:38: 
            	Error Trace:	/Users/skosovsky/Library/Mobile Documents/com~apple~CloudDocs/Загрузки/Projects/ai/toolsy/toolkits/sqltool/constructor_contract_test.go:38
            	Error:      	An error is expected but got nil.
            	Test:       	TestD32ConstructorOptions/b
    --- FAIL: TestD32ConstructorOptions/c (0.00s)
        constructor_contract_test.go:38: 
            	Error Trace:	/Users/skosovsky/Library/Mobile Documents/com~apple~CloudDocs/Загрузки/Projects/ai/toolsy/toolkits/sqltool/constructor_contract_test.go:38
            	Error:      	An error is expected but got nil.
            	Test:       	TestD32ConstructorOptions/c
    --- FAIL: TestD32ConstructorOptions/d (0.00s)
        constructor_contract_test.go:38: 
            	Error Trace:	/Users/skosovsky/Library/Mobile Documents/com~apple~CloudDocs/Загрузки/Projects/ai/toolsy/toolkits/sqltool/constructor_contract_test.go:38
            	Error:      	An error is expected but got nil.
            	Test:       	TestD32ConstructorOptions/d
    --- FAIL: TestD32ConstructorOptions/e (0.00s)
        constructor_contract_test.go:38: 
            	Error Trace:	/Users/skosovsky/Library/Mobile Documents/com~apple~CloudDocs/Загрузки/Projects/ai/toolsy/toolkits/sqltool/constructor_contract_test.go:38
            	Error:      	An error is expected but got nil.
            	Test:       	TestD32ConstructorOptions/e
    --- FAIL: TestD32ConstructorOptions/f (0.00s)
        constructor_contract_test.go:38: 
            	Error Trace:	/Users/skosovsky/Library/Mobile Documents/com~apple~CloudDocs/Загрузки/Projects/ai/toolsy/toolkits/sqltool/constructor_contract_test.go:38
            	Error:      	An error is expected but got nil.
            	Test:       	TestD32ConstructorOptions/f
    --- FAIL: TestD32ConstructorOptions/g (0.00s)
        constructor_contract_test.go:38: 
            	Error Trace:	/Users/skosovsky/Library/Mobile Documents/com~apple~CloudDocs/Загрузки/Projects/ai/toolsy/toolkits/sqltool/constructor_contract_test.go:38
            	Error:      	An error is expected but got nil.
            	Test:       	TestD32ConstructorOptions/g
    --- FAIL: TestD32ConstructorOptions/h (0.00s)
        constructor_contract_test.go:38: 
            	Error Trace:	/Users/skosovsky/Library/Mobile Documents/com~apple~CloudDocs/Загрузки/Projects/ai/toolsy/toolkits/sqltool/constructor_contract_test.go:38
            	Error:      	An error is expected but got nil.
            	Test:       	TestD32ConstructorOptions/h
FAIL
FAIL	github.com/skosovsky/toolsy/toolkits/sqltool	0.548s
FAIL
