go: writing stat cache: mkdir /Users/skosovsky/go/pkg/mod/cache/download/github.com/skosovsky/toolsy: operation not permitted
internal/goarch
unsafe
internal/abi
internal/unsafeheader
internal/cpu
internal/bytealg
internal/byteorder
internal/chacha8rand
internal/coverage/rtcov
internal/godebugs
internal/goexperiment
internal/goos
internal/profilerecord
internal/runtime/atomic
internal/runtime/exithook
internal/runtime/gc
internal/runtime/sys
internal/runtime/gc/scan
internal/asan
internal/msan
internal/race
internal/runtime/math
math/bits
internal/runtime/maps
internal/runtime/pprof/label
internal/strconv
internal/stringslite
internal/trace/tracev2
runtime
internal/reflectlite
errors
sync/atomic
internal/sync
internal/synctest
sync
io
iter
unicode
unicode/utf8
bytes
internal/oserror
syscall
time
context
hash
strconv
crypto
internal/bisect
internal/godebug
crypto/internal/fips140deps/godebug
strings
crypto/internal/fips140
crypto/internal/fips140/alias
crypto/internal/fips140deps/byteorder
crypto/internal/fips140deps/cpu
crypto/internal/impl
crypto/internal/fips140/sha256
crypto/internal/constanttime
crypto/internal/fips140/subtle
crypto/internal/fips140/sha3
crypto/internal/fips140/sha512
crypto/internal/fips140/hmac
crypto/internal/fips140/check
crypto/internal/fips140/aes
crypto/internal/fips140deps/time
crypto/internal/entropy/v1.0.0
internal/syscall/unix
path
cmp
slices
io/fs
internal/filepathlite
internal/poll
internal/syscall/execenv
internal/testlog
os
crypto/internal/sysrand
crypto/internal/fips140/drbg
math
crypto/internal/fips140/aes/gcm
crypto/fips140
crypto/internal/fips140only
crypto/subtle
crypto/cipher
crypto/internal/boring/sig
crypto/internal/boring
math/rand/v2
crypto/internal/randutil
crypto/internal/rand
reflect
internal/fmtsort
fmt
math/rand
math/big
crypto/rand
crypto/sha256
encoding/hex
encoding
encoding/json/internal
encoding/json/internal/jsonflags
encoding/json/internal/jsonopts
unicode/utf16
encoding/json/internal/jsonwire
encoding/json/jsontext
encoding/base32
encoding/base64
encoding/binary
encoding/json/v2
encoding/json
hash/maphash
log/internal
log
log/slog/internal
log/slog/internal/buffer
log/slog
maps
weak
unique
net/netip
net/url
sort
regexp/syntax
regexp
github.com/google/jsonschema-go/jsonschema
embed
golang.org/x/text/internal/tag
golang.org/x/text/internal/language
golang.org/x/text/internal/language/compact
golang.org/x/text/language
golang.org/x/text/internal/catmsg
golang.org/x/text/internal/stringset
golang.org/x/text/internal/number
golang.org/x/text/internal
golang.org/x/text/message/catalog
golang.org/x/text/feature/plural
golang.org/x/text/internal/format
golang.org/x/text/message
github.com/santhosh-tekuri/jsonschema/v6/kind
path/filepath
github.com/santhosh-tekuri/jsonschema/v6
github.com/skosovsky/toolsy/internal/jsonschemax
github.com/skosovsky/toolsy/textprocessor
bufio
mime
github.com/skosovsky/toolsy
github.com/skosovsky/toolsy/adapters/execution/filejournal
flag
go/token
go/scanner
go/ast
go/build/constraint
go/parser
go/doc/comment
text/tabwriter
go/printer
go/format
gopkg.in/yaml.v3
github.com/skosovsky/toolsy/internal/toolsygen
os/signal
github.com/skosovsky/toolsy/cmd/toolsy-gen
golang.org/x/mod/internal/lazyregexp
golang.org/x/mod/semver
golang.org/x/mod/module
compress/flate
hash/crc32
archive/zip
internal/gover
go/version
golang.org/x/mod/modfile
os/exec
golang.org/x/mod/zip
github.com/skosovsky/toolsy/internal/release
github.com/skosovsky/toolsy/cmd/toolsy-release
github.com/skosovsky/toolsy/examples/approval_journal
github.com/skosovsky/toolsy/examples/calculator
github.com/skosovsky/toolsy/examples/contract_recovery
github.com/skosovsky/toolsy/examples/full_agent
github.com/skosovsky/toolsy/examples/generated_stream
github.com/skosovsky/toolsy/examples/run_call
github.com/skosovsky/toolsy/examples/session_snapshot
github.com/skosovsky/toolsy/examples/stream_terminal
github.com/skosovsky/toolsy/examples/streaming
github.com/skosovsky/toolsy/exectool
github.com/skosovsky/toolsy/historycodec
github.com/skosovsky/toolsy/internal/format
github.com/skosovsky/toolsy/internal/sandboxfs
github.com/skosovsky/toolsy/internal/sqlutil
vendor/golang.org/x/net/dns/dnsmessage
internal/nettrace
internal/routebsd
internal/singleflight
net
compress/gzip
container/list
crypto/aes
crypto/des
crypto/internal/fips140/nistec/fiat
crypto/internal/fips140/nistec
crypto/internal/fips140/ecdh
crypto/internal/fips140/edwards25519/field
crypto/ecdh
crypto/elliptic
crypto/internal/boring/bbig
crypto/internal/fips140/bigmod
crypto/internal/fips140/ecdsa
crypto/internal/fips140cache
crypto/sha3
crypto/internal/fips140hash
crypto/sha512
internal/saferio
encoding/asn1
vendor/golang.org/x/crypto/cryptobyte/asn1
vendor/golang.org/x/crypto/cryptobyte
crypto/ecdsa
crypto/internal/fips140/edwards25519
crypto/internal/fips140/ed25519
crypto/ed25519
crypto/internal/fips140/hkdf
crypto/hkdf
crypto/hmac
crypto/internal/fips140/mlkem
crypto/mlkem
vendor/golang.org/x/crypto/internal/alias
vendor/golang.org/x/crypto/chacha20
vendor/golang.org/x/crypto/internal/poly1305
vendor/golang.org/x/crypto/chacha20poly1305
crypto/hpke
crypto/internal/fips140/tls12
crypto/internal/fips140/tls13
crypto/md5
crypto/internal/fips140/mldsa
crypto/mldsa
crypto/rc4
crypto/internal/fips140/rsa
crypto/rsa
crypto/sha1
crypto/tls/internal/fips140tls
crypto/dsa
crypto/x509/internal/macos
crypto/x509/pkix
encoding/pem
crypto/x509
crypto/tls
vendor/golang.org/x/text/transform
vendor/golang.org/x/text/unicode/bidi
vendor/golang.org/x/text/secure/bidirule
vendor/golang.org/x/text/unicode/norm
vendor/golang.org/x/net/idna
net/textproto
vendor/golang.org/x/net/http/httpguts
vendor/golang.org/x/net/http/httpproxy
mime/quotedprintable
mime/multipart
net/http/httptrace
net/http/internal
net/http/internal/ascii
vendor/golang.org/x/net/http2/hpack
net/http/internal/httpcommon
net/http/internal/httpsfv
net/http/internal/http2
net/http
internal/gate
internal/nettest
net/http/internal/testcert
internal/sysinfo
runtime/debug
runtime/trace
testing
net/http/httptest
github.com/skosovsky/toolsy/internal/testhttp
github.com/skosovsky/toolsy/testutil
