=== RUN   TestIndependentBusinessCodes
--- PASS: TestIndependentBusinessCodes (0.00s)
=== RUN   TestIndependentDynamicEligibility
--- PASS: TestIndependentDynamicEligibility (0.00s)
=== RUN   TestIndependentCanceledHostStages
=== RUN   TestIndependentCanceledHostStages/partition
    r12_independent_probe_test.go:49: cancellation lost: err=context canceled dispatch=1 delivery=0 put=0
=== RUN   TestIndependentCanceledHostStages/get-miss
    r12_independent_probe_test.go:49: cancellation lost: err=context canceled dispatch=1 delivery=0 put=0
=== RUN   TestIndependentCanceledHostStages/get-hit
    r12_independent_probe_test.go:49: cancellation lost: err=<nil> dispatch=0 delivery=1 put=0
=== RUN   TestIndependentCanceledHostStages/decode
    r12_independent_probe_test.go:49: cancellation lost: err=<nil> dispatch=0 delivery=1 put=0
--- FAIL: TestIndependentCanceledHostStages (0.00s)
    --- FAIL: TestIndependentCanceledHostStages/partition (0.00s)
    --- FAIL: TestIndependentCanceledHostStages/get-miss (0.00s)
    --- FAIL: TestIndependentCanceledHostStages/get-hit (0.00s)
    --- FAIL: TestIndependentCanceledHostStages/decode (0.00s)
=== RUN   TestIndependentBusinessCodes
--- PASS: TestIndependentBusinessCodes (0.00s)
=== RUN   TestIndependentDynamicEligibility
--- PASS: TestIndependentDynamicEligibility (0.00s)
=== RUN   TestIndependentCanceledHostStages
=== RUN   TestIndependentCanceledHostStages/partition
    r12_independent_probe_test.go:49: cancellation lost: err=context canceled dispatch=1 delivery=0 put=0
=== RUN   TestIndependentCanceledHostStages/get-miss
    r12_independent_probe_test.go:49: cancellation lost: err=context canceled dispatch=1 delivery=0 put=0
=== RUN   TestIndependentCanceledHostStages/get-hit
    r12_independent_probe_test.go:49: cancellation lost: err=<nil> dispatch=0 delivery=1 put=0
=== RUN   TestIndependentCanceledHostStages/decode
    r12_independent_probe_test.go:49: cancellation lost: err=<nil> dispatch=0 delivery=1 put=0
--- FAIL: TestIndependentCanceledHostStages (0.00s)
    --- FAIL: TestIndependentCanceledHostStages/partition (0.00s)
    --- FAIL: TestIndependentCanceledHostStages/get-miss (0.00s)
    --- FAIL: TestIndependentCanceledHostStages/get-hit (0.00s)
    --- FAIL: TestIndependentCanceledHostStages/decode (0.00s)
=== RUN   TestIndependentBusinessCodes
--- PASS: TestIndependentBusinessCodes (0.00s)
=== RUN   TestIndependentDynamicEligibility
--- PASS: TestIndependentDynamicEligibility (0.00s)
=== RUN   TestIndependentCanceledHostStages
=== RUN   TestIndependentCanceledHostStages/partition
    r12_independent_probe_test.go:49: cancellation lost: err=context canceled dispatch=1 delivery=0 put=0
=== RUN   TestIndependentCanceledHostStages/get-miss
    r12_independent_probe_test.go:49: cancellation lost: err=context canceled dispatch=1 delivery=0 put=0
=== RUN   TestIndependentCanceledHostStages/get-hit
    r12_independent_probe_test.go:49: cancellation lost: err=<nil> dispatch=0 delivery=1 put=0
=== RUN   TestIndependentCanceledHostStages/decode
    r12_independent_probe_test.go:49: cancellation lost: err=<nil> dispatch=0 delivery=1 put=0
--- FAIL: TestIndependentCanceledHostStages (0.00s)
    --- FAIL: TestIndependentCanceledHostStages/partition (0.00s)
    --- FAIL: TestIndependentCanceledHostStages/get-miss (0.00s)
    --- FAIL: TestIndependentCanceledHostStages/get-hit (0.00s)
    --- FAIL: TestIndependentCanceledHostStages/decode (0.00s)
FAIL
FAIL	github.com/skosovsky/toolsy	0.853s
FAIL
