row01 commit4dec511: pairedretainedverdictlinksverified: task41/r01-acceptance.md, task41/r01-acceptance.md
row02 commitd1619e8: pairedretainedverdictlinksverified: task41/r02-acceptance.md, task41/r02-acceptance.md
row03 commit322ec4a: pairedretainedverdictlinksverified: task41/r03-acceptance.md, task41/r03-acceptance.md
row04 commit4f372b2: pairedretainedverdictlinksverified: task41/r04-acceptance.md, task41/r04-acceptance.md
row05 commit5f80c9e: pairedretainedverdictlinksverified: task41/r05-acceptance.md, task41/r05-acceptance.md
row06 commit4ddcb4f: pairedretainedverdictlinksverified: task41/r06-acceptance.md, task41/r06-acceptance.md
row07 commitd1102f6: pairedretainedverdictlinksverified: task41/r07-acceptance.md, task41/r07-acceptance.md
row08 commitdf733dd: pairedretainedverdictlinksverified: task41/r08-acceptance.md, task41/r08-acceptance.md
row09 commit9a9062a: pairedretainedverdictlinksverified: task41/r09-acceptance.md, task41/r09-acceptance.md
row10 commit4c36832: pairedretainedverdictlinksverified: task41/r10-acceptance.md, task41/r10-acceptance.md
row11 commita492d5f: pairedretainedverdictlinksverified: task41/r11-acceptance.md, task41/r11-acceptance.md
row12 commit22782ff: pairedretainedverdictlinksverified: task41/r12-acceptance.md, task41/r12-acceptance.md
row13 commit1180b3a: pairedretainedverdictlinksverified: task41/r13/a-verdict.md, task41/r13/b-verdict.md
row14 commit6f6365b: pairedretainedverdictlinksverified: task41/r14/a-verdict.md, task41/r14/b-review-final.md
row15 commite3fc1f9: pairedretainedverdictlinksverified: task41/r15/a-verdict.md, task41/r15/b-verdict.md
row16 commit64a40e5: pairedretainedverdictlinksverified: task41/r16/r16-acceptance-a.md, task41/r16/r16-acceptance-b.md
row17 commita8bf9fb: pairedretainedverdictlinksverified: task41/r17/r17-acceptance-a.md, task41/r17/r17-acceptance-b.md
row18 commit71b49fa: pairedretainedverdictlinksverified: task41/r18/r18-acceptance-a.md, task41/r18/r18-acceptance-b.md
row19 commitf63179a: pairedretainedverdictlinksverified: task41/r19/r19-acceptance-a.md, task41/r19/r19-acceptance-b.md
row20 commit0700cc5: pairedretainedverdictlinksverified: task41/r20/r20-acceptance-a.md, task41/r20/r20-acceptance-b.md
row21 commite9d80b4: pairedretainedverdictlinksverified: task41/r21/r21-acceptance-a.md, task41/r21/r21-acceptance-b.md
row22 commit8ffd009: pairedretainedverdictlinksverified: task41/d01/d01-acceptance-a.md, task41/d01/d01-acceptance-b.md
row23 commitc682e30: pairedretainedverdictlinksverified: task41/d02/d02-acceptance-a.md, task41/d02/d02-acceptance-b.md
row24 commitf5824b1: pairedretainedverdictlinksverified: task41/d03/d03-acceptance-a.md, task41/d03/d03-acceptance-b.md
row25 commit4b76f5f: pairedretainedverdictlinksverified: task41/d04-d05/acceptance-a.md, task41/d04-d05/acceptance-b.md
row26 commit38314b4: pairedretainedverdictlinksverified: task41/d09/acceptance-a.md, task41/d09/acceptance-b.md
row27 commit77d3a10: pairedretainedverdictlinksverified: task41/d10-d11/acceptance-a.md, task41/d10-d11/acceptance-b.md
row28 commitc7eb470: pairedretainedverdictlinksverified: task41/d14/acceptance-a.md, task41/d14/acceptance-b.md
row29 commitd9170c1: pairedretainedverdictlinksverified: task41/d23/acceptance-a.md, task41/d23/acceptance-b.md
row30 commit7331736: pairedretainedverdictlinksverified: task41/d24/acceptance-a.md, task41/d24/acceptance-b.md
row31 commitfb7a2bf: pairedretainedverdictlinksverified: task41/d25/acceptance-a/report.md, task41/d25/acceptance-b/report.md
row32 commitfe241b0: pairedretainedverdictlinksverified: task41/d27/acceptance-a/report.md, task41/d27/acceptance-b/report.md
row33 commitad4afe2: pairedretainedverdictlinksverified: task41/d30-d36-rag/acceptance-a/report.md, task41/d30-d36-rag/acceptance-b/report.md
row34 commit9b7ac3f: pairedretainedverdictlinksverified: task41/d32/acceptance-a/report.md, task41/d32/acceptance-b/REPORT.md
row35 commit9ac37e3: pairedretainedverdictlinksverified: task41/d34/acceptance-a/report.md, task41/d34/acceptance-b/report.md
row36 commit6907b80: pairedretainedverdictlinksverified: task41/d36-time/acceptance-a/REPORT.md, task41/d36-time/acceptance-b/REPORT.md
row37 commita87f5ea: pairedretainedverdictlinksverified: task41/d40/acceptance-a/report.md, task41/d40/acceptance-b/report.md
row38 commit0600e12: pairedretainedverdictlinksverified: task41/r22-d38-d39/acceptance-a/report.md, task41/r22-d38-d39/acceptance-b/report.md
row39 commitefd446d: pairedretainedverdictlinksverified: task41/r23-docs/acceptance-a/report-final.md, task41/r23-docs/acceptance-b/report-final.md