=== RUN   TestWordMLInsertedWhitespaceInclusiveBudget
=== RUN   TestWordMLInsertedWhitespaceInclusiveBudget/tab
=== RUN   TestWordMLInsertedWhitespaceInclusiveBudget/br
=== RUN   TestWordMLInsertedWhitespaceInclusiveBudget/cr
--- PASS: TestWordMLInsertedWhitespaceInclusiveBudget (0.00s)
    --- PASS: TestWordMLInsertedWhitespaceInclusiveBudget/tab (0.00s)
    --- PASS: TestWordMLInsertedWhitespaceInclusiveBudget/br (0.00s)
    --- PASS: TestWordMLInsertedWhitespaceInclusiveBudget/cr (0.00s)
=== RUN   TestWordMLParagraphAndLeadingWhitespaceBudget
--- PASS: TestWordMLParagraphAndLeadingWhitespaceBudget (0.00s)
=== RUN   TestWordMLSeparatorCancellationPrecedesOverflow
--- PASS: TestWordMLSeparatorCancellationPrecedesOverflow (0.00s)
=== RUN   TestR20PublicDOCXWhitespaceAndRuns
=== RUN   TestR20PublicDOCXWhitespaceAndRuns/http://schemas.openxmlformats.org/wordprocessingml/2006/main
=== RUN   TestR20PublicDOCXWhitespaceAndRuns/http://purl.oclc.org/ooxml/wordprocessingml/main
=== RUN   TestR20PublicDOCXWhitespaceAndRuns/#00
--- PASS: TestR20PublicDOCXWhitespaceAndRuns (0.01s)
    --- PASS: TestR20PublicDOCXWhitespaceAndRuns/http://schemas.openxmlformats.org/wordprocessingml/2006/main (0.01s)
    --- PASS: TestR20PublicDOCXWhitespaceAndRuns/http://purl.oclc.org/ooxml/wordprocessingml/main (0.00s)
    --- PASS: TestR20PublicDOCXWhitespaceAndRuns/#00 (0.00s)
=== RUN   TestR20PublicDOCXForeignNamespaceIgnored
--- PASS: TestR20PublicDOCXForeignNamespaceIgnored (0.00s)
=== RUN   TestWordMLInsertedWhitespaceInclusiveBudget
=== RUN   TestWordMLInsertedWhitespaceInclusiveBudget/tab
=== RUN   TestWordMLInsertedWhitespaceInclusiveBudget/br
=== RUN   TestWordMLInsertedWhitespaceInclusiveBudget/cr
--- PASS: TestWordMLInsertedWhitespaceInclusiveBudget (0.00s)
    --- PASS: TestWordMLInsertedWhitespaceInclusiveBudget/tab (0.00s)
    --- PASS: TestWordMLInsertedWhitespaceInclusiveBudget/br (0.00s)
    --- PASS: TestWordMLInsertedWhitespaceInclusiveBudget/cr (0.00s)
=== RUN   TestWordMLParagraphAndLeadingWhitespaceBudget
--- PASS: TestWordMLParagraphAndLeadingWhitespaceBudget (0.00s)
=== RUN   TestWordMLSeparatorCancellationPrecedesOverflow
--- PASS: TestWordMLSeparatorCancellationPrecedesOverflow (0.00s)
=== RUN   TestR20PublicDOCXWhitespaceAndRuns
=== RUN   TestR20PublicDOCXWhitespaceAndRuns/http://schemas.openxmlformats.org/wordprocessingml/2006/main
=== RUN   TestR20PublicDOCXWhitespaceAndRuns/http://purl.oclc.org/ooxml/wordprocessingml/main
=== RUN   TestR20PublicDOCXWhitespaceAndRuns/#00
--- PASS: TestR20PublicDOCXWhitespaceAndRuns (0.01s)
    --- PASS: TestR20PublicDOCXWhitespaceAndRuns/http://schemas.openxmlformats.org/wordprocessingml/2006/main (0.00s)
    --- PASS: TestR20PublicDOCXWhitespaceAndRuns/http://purl.oclc.org/ooxml/wordprocessingml/main (0.00s)
    --- PASS: TestR20PublicDOCXWhitespaceAndRuns/#00 (0.00s)
=== RUN   TestR20PublicDOCXForeignNamespaceIgnored
--- PASS: TestR20PublicDOCXForeignNamespaceIgnored (0.00s)
=== RUN   TestWordMLInsertedWhitespaceInclusiveBudget
=== RUN   TestWordMLInsertedWhitespaceInclusiveBudget/tab
=== RUN   TestWordMLInsertedWhitespaceInclusiveBudget/br
=== RUN   TestWordMLInsertedWhitespaceInclusiveBudget/cr
--- PASS: TestWordMLInsertedWhitespaceInclusiveBudget (0.00s)
    --- PASS: TestWordMLInsertedWhitespaceInclusiveBudget/tab (0.00s)
    --- PASS: TestWordMLInsertedWhitespaceInclusiveBudget/br (0.00s)
    --- PASS: TestWordMLInsertedWhitespaceInclusiveBudget/cr (0.00s)
=== RUN   TestWordMLParagraphAndLeadingWhitespaceBudget
--- PASS: TestWordMLParagraphAndLeadingWhitespaceBudget (0.00s)
=== RUN   TestWordMLSeparatorCancellationPrecedesOverflow
--- PASS: TestWordMLSeparatorCancellationPrecedesOverflow (0.00s)
=== RUN   TestR20PublicDOCXWhitespaceAndRuns
=== RUN   TestR20PublicDOCXWhitespaceAndRuns/http://schemas.openxmlformats.org/wordprocessingml/2006/main
=== RUN   TestR20PublicDOCXWhitespaceAndRuns/http://purl.oclc.org/ooxml/wordprocessingml/main
=== RUN   TestR20PublicDOCXWhitespaceAndRuns/#00
--- PASS: TestR20PublicDOCXWhitespaceAndRuns (0.01s)
    --- PASS: TestR20PublicDOCXWhitespaceAndRuns/http://schemas.openxmlformats.org/wordprocessingml/2006/main (0.00s)
    --- PASS: TestR20PublicDOCXWhitespaceAndRuns/http://purl.oclc.org/ooxml/wordprocessingml/main (0.00s)
    --- PASS: TestR20PublicDOCXWhitespaceAndRuns/#00 (0.00s)
=== RUN   TestR20PublicDOCXForeignNamespaceIgnored
--- PASS: TestR20PublicDOCXForeignNamespaceIgnored (0.00s)
PASS
ok  	github.com/skosovsky/toolsy/toolkits/document	1.535s
